Archive member included to satisfy reference by file (symbol)

c:/mounriver/mounriver_studio/toolchain/risc-v embedded gcc/bin/../lib/gcc/riscv-none-embed/8.2.0/rv32imafcxw/ilp32f\libgcc.a(save-restore.o)
                              ./tinyusb/src/device/usbd.o (__riscv_save_12)
c:/mounriver/mounriver_studio/toolchain/risc-v embedded gcc/bin/../lib/gcc/riscv-none-embed/8.2.0/../../../../riscv-none-embed/lib/rv32imafcxw/ilp32f\libg_nano.a(lib_a-atoi.o)
                              ./lwip/src/core/netif.o (atoi)
c:/mounriver/mounriver_studio/toolchain/risc-v embedded gcc/bin/../lib/gcc/riscv-none-embed/8.2.0/../../../../riscv-none-embed/lib/rv32imafcxw/ilp32f\libg_nano.a(lib_a-locale.o)
                              ./tinyusb/src/tusb.o (__locale_ctype_ptr)
c:/mounriver/mounriver_studio/toolchain/risc-v embedded gcc/bin/../lib/gcc/riscv-none-embed/8.2.0/../../../../riscv-none-embed/lib/rv32imafcxw/ilp32f\libg_nano.a(lib_a-mbtowc_r.o)
                              c:/mounriver/mounriver_studio/toolchain/risc-v embedded gcc/bin/../lib/gcc/riscv-none-embed/8.2.0/../../../../riscv-none-embed/lib/rv32imafcxw/ilp32f\libg_nano.a(lib_a-locale.o) (__ascii_mbtowc)
c:/mounriver/mounriver_studio/toolchain/risc-v embedded gcc/bin/../lib/gcc/riscv-none-embed/8.2.0/../../../../riscv-none-embed/lib/rv32imafcxw/ilp32f\libg_nano.a(lib_a-memcmp.o)
                              ./tinyusb/lib/networking/dhserver.o (memcmp)
c:/mounriver/mounriver_studio/toolchain/risc-v embedded gcc/bin/../lib/gcc/riscv-none-embed/8.2.0/../../../../riscv-none-embed/lib/rv32imafcxw/ilp32f\libg_nano.a(lib_a-memcpy.o)
                              ./tinyusb/src/portable/wch/ch32v307/dcd_usbhs.o (memcpy)
c:/mounriver/mounriver_studio/toolchain/risc-v embedded gcc/bin/../lib/gcc/riscv-none-embed/8.2.0/../../../../riscv-none-embed/lib/rv32imafcxw/ilp32f\libg_nano.a(lib_a-memmove.o)
                              ./lwip/src/core/def.o (memmove)
c:/mounriver/mounriver_studio/toolchain/risc-v embedded gcc/bin/../lib/gcc/riscv-none-embed/8.2.0/../../../../riscv-none-embed/lib/rv32imafcxw/ilp32f\libg_nano.a(lib_a-memset.o)
                              ./tinyusb/src/portable/wch/ch32v307/dcd_usbhs.o (memset)
c:/mounriver/mounriver_studio/toolchain/risc-v embedded gcc/bin/../lib/gcc/riscv-none-embed/8.2.0/../../../../riscv-none-embed/lib/rv32imafcxw/ilp32f\libg_nano.a(lib_a-printf.o)
                              ./tinyusb/src/portable/wch/ch32v307/dcd_usbhs.o (printf)
c:/mounriver/mounriver_studio/toolchain/risc-v embedded gcc/bin/../lib/gcc/riscv-none-embed/8.2.0/../../../../riscv-none-embed/lib/rv32imafcxw/ilp32f\libg_nano.a(lib_a-putchar.o)
                              ./tinyusb/src/tusb.o (putchar)
c:/mounriver/mounriver_studio/toolchain/risc-v embedded gcc/bin/../lib/gcc/riscv-none-embed/8.2.0/../../../../riscv-none-embed/lib/rv32imafcxw/ilp32f\libg_nano.a(lib_a-puts.o)
                              ./tinyusb/src/device/usbd.o (puts)
c:/mounriver/mounriver_studio/toolchain/risc-v embedded gcc/bin/../lib/gcc/riscv-none-embed/8.2.0/../../../../riscv-none-embed/lib/rv32imafcxw/ilp32f\libg_nano.a(lib_a-reent.o)
                              ./lwip/src/api/if_api.o (errno)
c:/mounriver/mounriver_studio/toolchain/risc-v embedded gcc/bin/../lib/gcc/riscv-none-embed/8.2.0/../../../../riscv-none-embed/lib/rv32imafcxw/ilp32f\libg_nano.a(lib_a-strcmp.o)
                              ./User/main.o (strcmp)
c:/mounriver/mounriver_studio/toolchain/risc-v embedded gcc/bin/../lib/gcc/riscv-none-embed/8.2.0/../../../../riscv-none-embed/lib/rv32imafcxw/ilp32f\libg_nano.a(lib_a-strlen.o)
                              ./tinyusb/lib/networking/dhserver.o (strlen)
c:/mounriver/mounriver_studio/toolchain/risc-v embedded gcc/bin/../lib/gcc/riscv-none-embed/8.2.0/../../../../riscv-none-embed/lib/rv32imafcxw/ilp32f\libg_nano.a(lib_a-strncmp.o)
                              ./lwip/src/core/def.o (strncmp)
c:/mounriver/mounriver_studio/toolchain/risc-v embedded gcc/bin/../lib/gcc/riscv-none-embed/8.2.0/../../../../riscv-none-embed/lib/rv32imafcxw/ilp32f\libg_nano.a(lib_a-strtol.o)
                              c:/mounriver/mounriver_studio/toolchain/risc-v embedded gcc/bin/../lib/gcc/riscv-none-embed/8.2.0/../../../../riscv-none-embed/lib/rv32imafcxw/ilp32f\libg_nano.a(lib_a-atoi.o) (_strtol_r)
c:/mounriver/mounriver_studio/toolchain/risc-v embedded gcc/bin/../lib/gcc/riscv-none-embed/8.2.0/../../../../riscv-none-embed/lib/rv32imafcxw/ilp32f\libg_nano.a(lib_a-wbuf.o)
                              c:/mounriver/mounriver_studio/toolchain/risc-v embedded gcc/bin/../lib/gcc/riscv-none-embed/8.2.0/../../../../riscv-none-embed/lib/rv32imafcxw/ilp32f\libg_nano.a(lib_a-puts.o) (__swbuf_r)
c:/mounriver/mounriver_studio/toolchain/risc-v embedded gcc/bin/../lib/gcc/riscv-none-embed/8.2.0/../../../../riscv-none-embed/lib/rv32imafcxw/ilp32f\libg_nano.a(lib_a-wctomb_r.o)
[...]
Memory Configuration

Name             Origin             Length             Attributes
FLASH            0x0000000000000000 0x0000000000030000 xr
RAM              0x0000000020000000 0x0000000000020000 xrw
*default*        0x0000000000000000 0xffffffffffffffff

Linker script and memory map

LOAD ./tinyusb/src/portable/wch/ch32v307/dcd_usbhs.o
LOAD ./tinyusb/src/portable/valentyusb/eptri/dcd_eptri.o
LOAD ./tinyusb/src/portable/ti/msp430x5xx/dcd_msp430x5xx.o
LOAD ./tinyusb/src/portable/template/dcd_template.o
LOAD ./tinyusb/src/portable/synopsys/dwc2/dcd_dwc2.o
LOAD ./tinyusb/src/portable/sunxi/dcd_sunxi_musb.o
LOAD ./tinyusb/src/portable/st/synopsys/dcd_synopsys.o
LOAD ./tinyusb/src/portable/st/stm32_fsdev/dcd_stm32_fsdev.o
LOAD ./tinyusb/src/portable/sony/cxd56/dcd_cxd56.o
LOAD ./tinyusb/src/portable/renesas/usba/dcd_usba.o
LOAD ./tinyusb/src/portable/renesas/usba/hcd_usba.o
LOAD ./tinyusb/src/portable/raspberrypi/rp2040/dcd_rp2040.o
LOAD ./tinyusb/src/portable/raspberrypi/rp2040/hcd_rp2040.o
LOAD ./tinyusb/src/portable/raspberrypi/rp2040/rp2040_usb.o
LOAD ./tinyusb/src/portable/raspberrypi/pio_usb/dcd_pio_usb.o
LOAD ./tinyusb/src/portable/raspberrypi/pio_usb/hcd_pio_usb.o
LOAD ./tinyusb/src/portable/ohci/ohci.o
LOAD ./tinyusb/src/portable/nxp/transdimension/dcd_transdimension.o
LOAD ./tinyusb/src/portable/nxp/transdimension/hcd_transdimension.o
LOAD ./tinyusb/src/portable/nxp/lpc_ip3511/dcd_lpc_ip3511.o
LOAD ./tinyusb/src/portable/nxp/lpc17_40/dcd_lpc17_40.o
LOAD ./tinyusb/src/portable/nxp/lpc17_40/hcd_lpc17_40.o
LOAD ./tinyusb/src/portable/nxp/khci/dcd_khci.o
LOAD ./tinyusb/src/portable/nxp/khci/hcd_khci.o
LOAD ./tinyusb/src/portable/nuvoton/nuc505/dcd_nuc505.o
LOAD ./tinyusb/src/portable/nuvoton/nuc121/dcd_nuc121.o
LOAD ./tinyusb/src/portable/nuvoton/nuc120/dcd_nuc120.o
LOAD ./tinyusb/src/portable/nordic/nrf5x/dcd_nrf5x.o
LOAD ./tinyusb/src/portable/mindmotion/mm32/dcd_mm32f327x_otg.o
LOAD ./tinyusb/src/portable/microchip/samx7x/dcd_samx7x.o
LOAD ./tinyusb/src/portable/microchip/samg/dcd_samg.o
LOAD ./tinyusb/src/portable/microchip/samd/dcd_samd.o
LOAD ./tinyusb/src/portable/microchip/pic32mz/dcd_pic32mz.o
LOAD ./tinyusb/src/portable/microchip/pic/dcd_pic.o
LOAD ./tinyusb/src/portable/mentor/musb/dcd_musb.o
LOAD ./tinyusb/src/portable/mentor/musb/hcd_musb.o
LOAD ./tinyusb/src/portable/espressif/esp32sx/dcd_esp32sx.o
LOAD ./tinyusb/src/portable/ehci/ehci.o
LOAD ./tinyusb/src/portable/dialog/da146xx/dcd_da146xx.o
LOAD ./tinyusb/src/portable/chipidea/ci_hs/dcd_ci_hs.o
LOAD ./tinyusb/src/portable/chipidea/ci_hs/hcd_ci_hs.o
LOAD ./tinyusb/src/portable/bridgetek/ft9xx/dcd_ft9xx.o
LOAD ./tinyusb/src/host/hub.o
LOAD ./tinyusb/src/host/usbh.o
LOAD ./tinyusb/src/device/usbd.o
LOAD ./tinyusb/src/device/usbd_control.o
LOAD ./tinyusb/src/common/tusb_fifo.o
LOAD ./tinyusb/src/class/video/video_device.o
LOAD ./tinyusb/src/class/vendor/vendor_device.o
LOAD ./tinyusb/src/class/vendor/vendor_host.o
LOAD ./tinyusb/src/class/usbtmc/usbtmc_device.o
LOAD ./tinyusb/src/class/net/ecm_rndis_device.o
LOAD ./tinyusb/src/class/net/ncm_device.o
LOAD ./tinyusb/src/class/msc/msc_device.o
LOAD ./tinyusb/src/class/msc/msc_host.o
LOAD ./tinyusb/src/class/midi/midi_device.o
LOAD ./tinyusb/src/class/hid/hid_device.o
LOAD ./tinyusb/src/class/hid/hid_host.o
LOAD ./tinyusb/src/class/dfu/dfu_device.o
LOAD ./tinyusb/src/class/dfu/dfu_rt_device.o
LOAD ./tinyusb/src/class/cdc/cdc_device.o
LOAD ./tinyusb/src/class/cdc/cdc_host.o
LOAD ./tinyusb/src/class/cdc/cdc_rndis_host.o
LOAD ./tinyusb/src/class/bth/bth_device.o
LOAD ./tinyusb/src/class/audio/audio_device.o
LOAD ./tinyusb/src/tusb.o
LOAD ./tinyusb/lib/networking/dhserver.o
LOAD ./tinyusb/lib/networking/dnserver.o
LOAD ./tinyusb/lib/networking/rndis_reports.o
LOAD ./lwip/src/netif/ppp/polarssl/arc4.o
LOAD ./lwip/src/netif/ppp/polarssl/des.o
LOAD ./lwip/src/netif/ppp/polarssl/md4.o
LOAD ./lwip/src/netif/ppp/polarssl/md5.o
LOAD ./lwip/src/netif/ppp/polarssl/sha1.o
LOAD ./lwip/src/netif/ppp/auth.o
LOAD ./lwip/src/netif/ppp/ccp.o
LOAD ./lwip/src/netif/ppp/chap-md5.o
LOAD ./lwip/src/netif/ppp/chap-new.o
LOAD ./lwip/src/netif/ppp/chap_ms.o
LOAD ./lwip/src/netif/ppp/demand.o
LOAD ./lwip/src/netif/ppp/eap.o
LOAD ./lwip/src/netif/ppp/ecp.o
LOAD ./lwip/src/netif/ppp/eui64.o
LOAD ./lwip/src/netif/ppp/fsm.o
LOAD ./lwip/src/netif/ppp/ipcp.o
LOAD ./lwip/src/netif/ppp/ipv6cp.o
LOAD ./lwip/src/netif/ppp/lcp.o
LOAD ./lwip/src/netif/ppp/magic.o
LOAD ./lwip/src/netif/ppp/mppe.o
LOAD ./lwip/src/netif/ppp/multilink.o
LOAD ./lwip/src/netif/ppp/ppp.o
LOAD ./lwip/src/netif/ppp/pppapi.o
LOAD ./lwip/src/netif/ppp/pppcrypt.o
LOAD ./lwip/src/netif/ppp/pppoe.o
LOAD ./lwip/src/netif/ppp/pppol2tp.o
LOAD ./lwip/src/netif/ppp/pppos.o
LOAD ./lwip/src/netif/ppp/upap.o
LOAD ./lwip/src/netif/ppp/utils.o
LOAD ./lwip/src/netif/ppp/vj.o
LOAD ./lwip/src/netif/bridgeif.o
LOAD ./lwip/src/netif/bridgeif_fdb.o
LOAD ./lwip/src/netif/ethernet.o
LOAD ./lwip/src/netif/lowpan6.o
LOAD ./lwip/src/netif/lowpan6_ble.o
LOAD ./lwip/src/netif/lowpan6_common.o
LOAD ./lwip/src/netif/slipif.o
LOAD ./lwip/src/netif/zepif.o
LOAD ./lwip/src/core/ipv6/dhcp6.o
LOAD ./lwip/src/core/ipv6/ethip6.o
LOAD ./lwip/src/core/ipv6/icmp6.o
LOAD ./lwip/src/core/ipv6/inet6.o
LOAD ./lwip/src/core/ipv6/ip6.o
LOAD ./lwip/src/core/ipv6/ip6_addr.o
LOAD ./lwip/src/core/ipv6/ip6_frag.o
LOAD ./lwip/src/core/ipv6/mld6.o
LOAD ./lwip/src/core/ipv6/nd6.o
LOAD ./lwip/src/core/ipv4/autoip.o
LOAD ./lwip/src/core/ipv4/dhcp.o
LOAD ./lwip/src/core/ipv4/etharp.o
LOAD ./lwip/src/core/ipv4/icmp.o
LOAD ./lwip/src/core/ipv4/igmp.o
LOAD ./lwip/src/core/ipv4/ip4.o
LOAD ./lwip/src/core/ipv4/ip4_addr.o
LOAD ./lwip/src/core/ipv4/ip4_frag.o
LOAD ./lwip/src/core/altcp.o
LOAD ./lwip/src/core/altcp_alloc.o
LOAD ./lwip/src/core/altcp_tcp.o
LOAD ./lwip/src/core/def.o
LOAD ./lwip/src/core/dns.o
LOAD ./lwip/src/core/inet_chksum.o
LOAD ./lwip/src/core/init.o
LOAD ./lwip/src/core/ip.o
LOAD ./lwip/src/core/mem.o
LOAD ./lwip/src/core/memp.o
LOAD ./lwip/src/core/netif.o
LOAD ./lwip/src/core/pbuf.o
LOAD ./lwip/src/core/raw.o
LOAD ./lwip/src/core/stats.o
LOAD ./lwip/src/core/sys.o
LOAD ./lwip/src/core/tcp.o
LOAD ./lwip/src/core/tcp_in.o
LOAD ./lwip/src/core/tcp_out.o
LOAD ./lwip/src/core/timeouts.o
LOAD ./lwip/src/core/udp.o
LOAD ./lwip/src/api/api_lib.o
LOAD ./lwip/src/api/api_msg.o
LOAD ./lwip/src/api/err.o
LOAD ./lwip/src/api/if_api.o
LOAD ./lwip/src/api/netbuf.o
LOAD ./lwip/src/api/netdb.o
LOAD ./lwip/src/api/netifapi.o
LOAD ./lwip/src/api/sockets.o
LOAD ./lwip/src/api/tcpip.o
LOAD ./lwip/port/arch/sys_arch.o
LOAD ./lwip/port/usb_ethernetif.o
LOAD ./User/ch32v30x_it.o
LOAD ./User/freertos_hook.o
LOAD ./User/main.o
LOAD ./User/msc_disk.o
LOAD ./User/system_ch32v30x.o
LOAD ./User/usb_descriptors.o
LOAD ./Startup/startup_ch32v30x_D8C.o
LOAD ./Peripheral/src/ch32v30x_adc.o
LOAD ./Peripheral/src/ch32v30x_bkp.o
LOAD ./Peripheral/src/ch32v30x_can.o
LOAD ./Peripheral/src/ch32v30x_crc.o
LOAD ./Peripheral/src/ch32v30x_dac.o
LOAD ./Peripheral/src/ch32v30x_dbgmcu.o
LOAD ./Peripheral/src/ch32v30x_dma.o
LOAD ./Peripheral/src/ch32v30x_dvp.o
LOAD ./Peripheral/src/ch32v30x_eth.o
LOAD ./Peripheral/src/ch32v30x_exti.o
LOAD ./Peripheral/src/ch32v30x_flash.o
LOAD ./Peripheral/src/ch32v30x_fsmc.o
LOAD ./Peripheral/src/ch32v30x_gpio.o
LOAD ./Peripheral/src/ch32v30x_i2c.o
LOAD ./Peripheral/src/ch32v30x_iwdg.o
LOAD ./Peripheral/src/ch32v30x_misc.o
LOAD ./Peripheral/src/ch32v30x_opa.o
LOAD ./Peripheral/src/ch32v30x_pwr.o
LOAD ./Peripheral/src/ch32v30x_rcc.o
LOAD ./Peripheral/src/ch32v30x_rng.o
LOAD ./Peripheral/src/ch32v30x_rtc.o
LOAD ./Peripheral/src/ch32v30x_sdio.o
LOAD ./Peripheral/src/ch32v30x_spi.o
LOAD ./Peripheral/src/ch32v30x_tim.o
LOAD ./Peripheral/src/ch32v30x_usart.o
LOAD ./Peripheral/src/ch32v30x_wwdg.o
LOAD ./FreeRTOS/portable/MemMang/heap_4.o
LOAD ./FreeRTOS/portable/GCC/RISC-V/port.o
LOAD ./FreeRTOS/portable/GCC/RISC-V/portASM.o
LOAD ./FreeRTOS/croutine.o
LOAD ./FreeRTOS/event_groups.o
LOAD ./FreeRTOS/list.o
LOAD ./FreeRTOS/queue.o
LOAD ./FreeRTOS/stream_buffer.o
LOAD ./FreeRTOS/tasks.o
LOAD ./FreeRTOS/timers.o
LOAD ./Debug/debug.o
LOAD ./Core/core_riscv.o
LOAD c:/mounriver/mounriver_studio/toolchain/risc-v embedded gcc/bin/../lib/gcc/riscv-none-embed/8.2.0/rv32imafcxw/ilp32f\libgcc.a
LOAD c:/mounriver/mounriver_studio/toolchain/risc-v embedded gcc/bin/../lib/gcc/riscv-none-embed/8.2.0/../../../../riscv-none-embed/lib/rv32imafcxw/ilp32f\libg_nano.a
LOAD c:/mounriver/mounriver_studio/toolchain/risc-v embedded gcc/bin/../lib/gcc/riscv-none-embed/8.2.0/../../../../riscv-none-embed/lib/rv32imafcxw/ilp32f\libc_nano.a
LOAD c:/mounriver/mounriver_studio/toolchain/risc-v embedded gcc/bin/../lib/gcc/riscv-none-embed/8.2.0/rv32imafcxw/ilp32f\libgcc.a
START GROUP
LOAD c:/mounriver/mounriver_studio/toolchain/risc-v embedded gcc/bin/../lib/gcc/riscv-none-embed/8.2.0/rv32imafcxw/ilp32f\libgcc.a
LOAD c:/mounriver/mounriver_studio/toolchain/risc-v embedded gcc/bin/../lib/gcc/riscv-none-embed/8.2.0/../../../../riscv-none-embed/lib/rv32imafcxw/ilp32f\libc_nano.a
LOAD c:/mounriver/mounriver_studio/toolchain/risc-v embedded gcc/bin/../lib/gcc/riscv-none-embed/8.2.0/../../../../riscv-none-embed/lib/rv32imafcxw/ilp32f\libnosys.a
END GROUP
START GROUP
LOAD c:/mounriver/mounriver_studio/toolchain/risc-v embedded gcc/bin/../lib/gcc/riscv-none-embed/8.2.0/rv32imafcxw/ilp32f\libgcc.a
LOAD c:/mounriver/mounriver_studio/toolchain/risc-v embedded gcc/bin/../lib/gcc/riscv-none-embed/8.2.0/../../../../riscv-none-embed/lib/rv32imafcxw/ilp32f\libc_nano.a
LOAD c:/mounriver/mounriver_studio/toolchain/risc-v embedded gcc/bin/../lib/gcc/riscv-none-embed/8.2.0/../../../../riscv-none-embed/lib/rv32imafcxw/ilp32f\libnosys.a
END GROUP
                0x0000000000002000                __stack_size = 0x2000
                [!provide]                        PROVIDE (_stack_size = __stack_size)

.init           0x0000000000000000       0x38
                0x0000000000000000                _sinit = .
                0x0000000000000000                . = ALIGN (0x4)
 *(SORT_NONE(.init))
 .init          0x0000000000000000       0x38 ./Startup/startup_ch32v30x_D8C.o
                0x0000000000000000                _start
                0x0000000000000038                . = ALIGN (0x4)
                0x0000000000000038                _einit = .

.vector         0x0000000000000038      0x1c8
 *(.vector)
 .vector        0x0000000000000038      0x1a0 ./Startup/startup_ch32v30x_D8C.o
                0x0000000000000200                . = ALIGN (0x40)
 *fill*         0x00000000000001d8       0x28 

.text           0x0000000000000200    0x10348
                0x0000000000000200                . = ALIGN (0x4)
 *(.text)
 .text          0x0000000000000200      0x2e6 ./FreeRTOS/portable/GCC/RISC-V/portASM.o
                0x0000000000000200                SW_Handler
                0x0000000000000300                xPortStartFirstTask
                0x0000000000000400                pxPortInitialiseStack
 .text          0x00000000000004e6       0x60 c:/mounriver/mounriver_studio/toolchain/risc-v embedded gcc/bin/../lib/gcc/riscv-none-embed/8.2.0/rv32imafcxw/ilp32f\libgcc.a(save-restore.o)
                0x00000000000004e6                __riscv_save_12
                0x00000000000004ee                __riscv_save_9
                0x00000000000004ee                __riscv_save_11
                0x00000000000004ee                __riscv_save_10
                0x00000000000004ee                __riscv_save_8
                0x00000000000004fc                __riscv_save_4
                0x00000000000004fc                __riscv_save_6
                0x00000000000004fc                __riscv_save_5
                0x00000000000004fc                __riscv_save_7
                0x0000000000000516                __riscv_save_3
                0x0000000000000516                __riscv_save_2
                0x0000000000000516                __riscv_save_1
                0x0000000000000516                __riscv_save_0
                0x0000000000000522                __riscv_restore_12
                0x0000000000000526                __riscv_restore_11
                0x0000000000000526                __riscv_restore_9
                0x0000000000000526                __riscv_restore_10
                0x0000000000000526                __riscv_restore_8
                0x0000000000000530                __riscv_restore_5
                0x0000000000000530                __riscv_restore_7
                0x0000000000000530                __riscv_restore_6
                0x0000000000000530                __riscv_restore_4
                0x000000000000053a                __riscv_restore_3
                0x000000000000053a                __riscv_restore_0
                0x000000000000053a                __riscv_restore_2
                0x000000000000053a                __riscv_restore_1
 .text          0x0000000000000546       0xa8 c:/mounriver/mounriver_studio/toolchain/risc-v embedded gcc/bin/../lib/gcc/riscv-none-embed/8.2.0/../../../../riscv-none-embed/lib/rv32imafcxw/ilp32f\libg_nano.a(lib_a-memset.o)
                0x0000000000000546                memset
 .text          0x00000000000005ee      0x11a c:/mounriver/mounriver_studio/toolchain/risc-v embedded gcc/bin/../lib/gcc/riscv-none-embed/8.2.0/../../../../riscv-none-embed/lib/rv32imafcxw/ilp32f\libg_nano.a(lib_a-strcmp.o)
                0x00000000000005ee                strcmp
 *(.text.*)
 .text.dcd_init
                0x0000000000000708       0x9e ./tinyusb/src/portable/wch/ch32v307/dcd_usbhs.o
                0x0000000000000708                dcd_init
 .text.dcd_int_enable
                0x00000000000007a6        0xe ./tinyusb/src/portable/wch/ch32v307/dcd_usbhs.o
                0x00000000000007a6                dcd_int_enable
 .text.dcd_edpt_close_all
                0x00000000000007b4        0x2 ./tinyusb/src/portable/wch/ch32v307/dcd_usbhs.o
                0x00000000000007b4                dcd_edpt_close_all
 .text.dcd_edpt0_status_complete
                0x00000000000007b6       0x2a ./tinyusb/src/portable/wch/ch32v307/dcd_usbhs.o
                0x00000000000007b6                dcd_edpt0_status_complete
 .text.dcd_edpt_open
                0x00000000000007e0       0x84 ./tinyusb/src/portable/wch/ch32v307/dcd_usbhs.o
                0x00000000000007e0                dcd_edpt_open
 .text.dcd_edpt_stall
                0x0000000000000864       0x44 ./tinyusb/src/portable/wch/ch32v307/dcd_usbhs.o
                0x0000000000000864                dcd_edpt_stall
 .text.dcd_edpt_clear_stall
                0x00000000000008a8       0x3e ./tinyusb/src/portable/wch/ch32v307/dcd_usbhs.o
                0x00000000000008a8                dcd_edpt_clear_stall
 .text.dcd_edpt_xfer
                0x00000000000008e6      0x160 ./tinyusb/src/portable/wch/ch32v307/dcd_usbhs.o
                0x00000000000008e6                dcd_edpt_xfer
 .text.dcd_set_address
                0x0000000000000a46       0x10 ./tinyusb/src/portable/wch/ch32v307/dcd_usbhs.o
                0x0000000000000a46                dcd_set_address
 .text.dcd_int_handler
                0x0000000000000a56      0x1f0 ./tinyusb/src/portable/wch/ch32v307/dcd_usbhs.o
                0x0000000000000a56                dcd_int_handler
 .text.get_driver
                0x0000000000000c46       0x3c ./tinyusb/src/device/usbd.o
 .text.invoke_class_control
                0x0000000000000c82       0x30 ./tinyusb/src/device/usbd.o
 .text.configuration_reset
                0x0000000000000cb2       0x74 ./tinyusb/src/device/usbd.o
 .text.usbd_driver_print_control_complete_name
                0x0000000000000d26       0x3a ./tinyusb/src/device/usbd.o
                0x0000000000000d26                usbd_driver_print_control_complete_name
 .text.tud_mounted
                0x0000000000000d60       0x10 ./tinyusb/src/device/usbd.o
                0x0000000000000d60                tud_mounted
 .text.tud_suspended
                0x0000000000000d70        0xa ./tinyusb/src/device/usbd.o
                0x0000000000000d70                tud_suspended
 .text.tud_inited
                0x0000000000000d7a       0x12 ./tinyusb/src/device/usbd.o
                0x0000000000000d7a                tud_inited
 .text.tud_init
                0x0000000000000d8c      0x128 ./tinyusb/src/device/usbd.o
                0x0000000000000d8c                tud_init
 .text.dcd_event_handler
                0x0000000000000eb4      0x112 ./tinyusb/src/device/usbd.o
                0x0000000000000eb4                dcd_event_handler
 .text.usbd_edpt_open
                0x0000000000000fc6       0x6a ./tinyusb/src/device/usbd.o
                0x0000000000000fc6                usbd_edpt_open
 .text.usbd_open_edpt_pair
                0x0000000000001030       0x94 ./tinyusb/src/device/usbd.o
                0x0000000000001030                usbd_open_edpt_pair
 .text.usbd_edpt_xfer
                0x00000000000010c4       0xa0 ./tinyusb/src/device/usbd.o
                0x00000000000010c4                usbd_edpt_xfer
 .text.usbd_edpt_busy
                0x0000000000001164       0x1a ./tinyusb/src/device/usbd.o
                0x0000000000001164                usbd_edpt_busy
 .text.usbd_edpt_stall
                0x000000000000117e       0x5c ./tinyusb/src/device/usbd.o
                0x000000000000117e                usbd_edpt_stall
 .text.usbd_edpt_clear_stall
                0x00000000000011da       0x58 ./tinyusb/src/device/usbd.o
                0x00000000000011da                usbd_edpt_clear_stall
 .text.tud_task_ext
                0x0000000000001232      0x782 ./tinyusb/src/device/usbd.o
                0x0000000000001232                tud_task_ext
 .text._data_stage_xact
                0x00000000000019b4       0x76 ./tinyusb/src/device/usbd_control.o
 .text.tud_control_status
                0x0000000000001a2a       0x3a ./tinyusb/src/device/usbd_control.o
                0x0000000000001a2a                tud_control_status
 .text.tud_control_xfer
                0x0000000000001a64       0xb4 ./tinyusb/src/device/usbd_control.o
                0x0000000000001a64                tud_control_xfer
 .text.usbd_control_reset
                0x0000000000001b18       0x1a ./tinyusb/src/device/usbd_control.o
                0x0000000000001b18                usbd_control_reset
 .text.usbd_control_set_complete_callback
                0x0000000000001b32        0x6 ./tinyusb/src/device/usbd_control.o
                0x0000000000001b32                usbd_control_set_complete_callback
 .text.usbd_control_set_request
                0x0000000000001b38       0x20 ./tinyusb/src/device/usbd_control.o
                0x0000000000001b38                usbd_control_set_request
 .text.usbd_control_xfer_cb
                0x0000000000001b58      0x112 ./tinyusb/src/device/usbd_control.o
                0x0000000000001b58                usbd_control_xfer_cb
 .text.tud_network_recv_renew
                0x0000000000001c6a       0x1a ./tinyusb/src/class/net/ecm_rndis_device.o
                0x0000000000001c6a                tud_network_recv_renew
 .text.netd_report
                0x0000000000001c84       0x28 ./tinyusb/src/class/net/ecm_rndis_device.o
                0x0000000000001c84                netd_report
 .text.netd_init
                0x0000000000001cac       0x12 ./tinyusb/src/class/net/ecm_rndis_device.o
                0x0000000000001cac                netd_init
 .text.netd_reset
                0x0000000000001cbe        0xa ./tinyusb/src/class/net/ecm_rndis_device.o
                0x0000000000001cbe                netd_reset
 .text.netd_open
                0x0000000000001cc8      0x13c ./tinyusb/src/class/net/ecm_rndis_device.o
                0x0000000000001cc8                netd_open
 .text.netd_control_xfer_cb
                0x0000000000001e04      0x1a8 ./tinyusb/src/class/net/ecm_rndis_device.o
                0x0000000000001e04                netd_control_xfer_cb
 .text.netd_xfer_cb
                0x0000000000001fac       0xd0 ./tinyusb/src/class/net/ecm_rndis_device.o
                0x0000000000001fac                netd_xfer_cb
 .text.tud_network_can_xmit
                0x000000000000207c        0xa ./tinyusb/src/class/net/ecm_rndis_device.o
                0x000000000000207c                tud_network_can_xmit
 .text.tud_network_xmit
                0x0000000000002086       0x76 ./tinyusb/src/class/net/ecm_rndis_device.o
                0x0000000000002086                tud_network_xmit
 .text.dump_str_line
                0x00000000000020fc       0x54 ./tinyusb/src/tusb.o
 .text.tusb_inited
                0x0000000000002150        0xc ./tinyusb/src/tusb.o
                0x0000000000002150                tusb_inited
 .text.tu_edpt_validate
                0x000000000000215c       0xa6 ./tinyusb/src/tusb.o
                0x000000000000215c                tu_edpt_validate
 .text.tu_edpt_bind_driver
                0x0000000000002202       0x4a ./tinyusb/src/tusb.o
                0x0000000000002202                tu_edpt_bind_driver
 .text.tu_print_mem
                0x000000000000224c       0xdc ./tinyusb/src/tusb.o
                0x000000000000224c                tu_print_mem
 .text.entry_by_mac.constprop.0
                0x0000000000002328       0x40 ./tinyusb/lib/networking/dhserver.o
 .text.find_dhcp_option
                0x0000000000002368       0x28 ./tinyusb/lib/networking/dhserver.o
                0x0000000000002368                find_dhcp_option
 .text.fill_options
                0x0000000000002390       0xe0 ./tinyusb/lib/networking/dhserver.o
                0x0000000000002390                fill_options
 .text.udp_recv_proc
                0x0000000000002470      0x20c ./tinyusb/lib/networking/dhserver.o
 .text.dhserv_free
                0x000000000000267c       0x1c ./tinyusb/lib/networking/dhserver.o
                0x000000000000267c                dhserv_free
 .text.dhserv_init
                0x0000000000002698       0x50 ./tinyusb/lib/networking/dhserver.o
                0x0000000000002698                dhserv_init
 .text.udp_recv_proc
                0x00000000000026e8      0x1aa ./tinyusb/lib/networking/dnserver.o
 .text.dnserv_free
                0x0000000000002892       0x1c ./tinyusb/lib/networking/dnserver.o
                0x0000000000002892                dnserv_free
 .text.dnserv_init
                0x00000000000028ae       0x58 ./tinyusb/lib/networking/dnserver.o
                0x00000000000028ae                dnserv_init
 .text.rndis_report
                0x0000000000002906       0x12 ./tinyusb/lib/networking/rndis_reports.o
 .text.rndis_query_cmplt32
                0x0000000000002918       0x3a ./tinyusb/lib/networking/rndis_reports.o
 .text.rndis_query_cmplt
                0x0000000000002952       0x30 ./tinyusb/lib/networking/rndis_reports.o
 .text.rndis_class_set_handler
                0x0000000000002982      0x252 ./tinyusb/lib/networking/rndis_reports.o
                0x0000000000002982                rndis_class_set_handler
 .text.ethernet_input
                0x0000000000002bd4       0xb0 ./lwip/src/netif/ethernet.o
                0x0000000000002bd4                ethernet_input
 .text.ethernet_output
                0x0000000000002c84       0x68 ./lwip/src/netif/ethernet.o
                0x0000000000002c84                ethernet_output
 .text.dhcp_set_state
                0x0000000000002cec       0x12 ./lwip/src/core/ipv4/dhcp.o
 .text.dhcp_option_short
                0x0000000000002cfe       0x48 ./lwip/src/core/ipv4/dhcp.o
 .text.dhcp_option
                0x0000000000002d46       0x4e ./lwip/src/core/ipv4/dhcp.o
 .text.dhcp_option_byte
                0x0000000000002d94       0x36 ./lwip/src/core/ipv4/dhcp.o
 .text.dhcp_option_long
                0x0000000000002dca       0x68 ./lwip/src/core/ipv4/dhcp.o
 .text.dhcp_option_trailer
                0x0000000000002e32       0x3e ./lwip/src/core/ipv4/dhcp.o
 .text.dhcp_check
                0x0000000000002e70       0x32 ./lwip/src/core/ipv4/dhcp.o
 .text.dhcp_bind
                0x0000000000002ea2      0x11e ./lwip/src/core/ipv4/dhcp.o
 .text.dhcp_inc_pcb_refcount
                0x0000000000002fc0       0x76 ./lwip/src/core/ipv4/dhcp.o
 .text.dhcp_handle_ack.isra.0
                0x0000000000003036       0x9e ./lwip/src/core/ipv4/dhcp.o
 .text.dhcp_option_hostname.isra.1
                0x00000000000030d4       0x76 ./lwip/src/core/ipv4/dhcp.o
 .text.dhcp_dec_pcb_refcount
                0x000000000000314a       0x40 ./lwip/src/core/ipv4/dhcp.o
 .text.dhcp_create_msg
                0x000000000000318a      0x13e ./lwip/src/core/ipv4/dhcp.o
 .text.dhcp_reboot
                0x00000000000032c8      0x10a ./lwip/src/core/ipv4/dhcp.o
 .text.dhcp_select
                0x00000000000033d2      0x15c ./lwip/src/core/ipv4/dhcp.o
 .text.dhcp_discover
                0x000000000000352e       0xe6 ./lwip/src/core/ipv4/dhcp.o
 .text.dhcp_recv
                0x0000000000003614      0x3e6 ./lwip/src/core/ipv4/dhcp.o
 .text.dhcp_arp_reply
                0x00000000000039fa       0xb4 ./lwip/src/core/ipv4/dhcp.o
                0x00000000000039fa                dhcp_arp_reply
 .text.dhcp_renew
                0x0000000000003aae       0xe8 ./lwip/src/core/ipv4/dhcp.o
                0x0000000000003aae                dhcp_renew
 .text.dhcp_supplied_address
                0x0000000000003b96       0x24 ./lwip/src/core/ipv4/dhcp.o
                0x0000000000003b96                dhcp_supplied_address
 .text.dhcp_release_and_stop
                0x0000000000003bba       0xd8 ./lwip/src/core/ipv4/dhcp.o
                0x0000000000003bba                dhcp_release_and_stop
 .text.dhcp_start
                0x0000000000003c92       0x9c ./lwip/src/core/ipv4/dhcp.o
                0x0000000000003c92                dhcp_start
 .text.dhcp_coarse_tmr
                0x0000000000003d2e      0x174 ./lwip/src/core/ipv4/dhcp.o
                0x0000000000003d2e                dhcp_coarse_tmr
 .text.dhcp_fine_tmr
                0x0000000000003ea2       0x8e ./lwip/src/core/ipv4/dhcp.o
                0x0000000000003ea2                dhcp_fine_tmr
 .text.etharp_free_entry
                0x0000000000003f30       0x50 ./lwip/src/core/ipv4/etharp.o
 .text.etharp_find_entry
                0x0000000000003f80      0x114 ./lwip/src/core/ipv4/etharp.o
 .text.etharp_raw
                0x0000000000004094       0xd2 ./lwip/src/core/ipv4/etharp.o
 .text.etharp_input
                0x0000000000004166      0x15a ./lwip/src/core/ipv4/etharp.o
                0x0000000000004166                etharp_input
 .text.etharp_request
                0x00000000000042c0       0x22 ./lwip/src/core/ipv4/etharp.o
                0x00000000000042c0                etharp_request
 .text.etharp_tmr
                0x00000000000042e2       0x6a ./lwip/src/core/ipv4/etharp.o
                0x00000000000042e2                etharp_tmr
 .text.etharp_output_to_arp_index
                0x000000000000434c       0xb2 ./lwip/src/core/ipv4/etharp.o
 .text.etharp_query
                0x00000000000043fe      0x152 ./lwip/src/core/ipv4/etharp.o
                0x00000000000043fe                etharp_query
 .text.etharp_output
                0x0000000000004550      0x124 ./lwip/src/core/ipv4/etharp.o
                0x0000000000004550                etharp_output
 .text.icmp_send_response
                0x0000000000004674       0xb8 ./lwip/src/core/ipv4/icmp.o
 .text.icmp_input
                0x000000000000472c      0x162 ./lwip/src/core/ipv4/icmp.o
                0x000000000000472c                icmp_input
 .text.icmp_dest_unreach
                0x000000000000488e       0x12 ./lwip/src/core/ipv4/icmp.o
                0x000000000000488e                icmp_dest_unreach
 .text.icmp_time_exceeded
                0x00000000000048a0       0x12 ./lwip/src/core/ipv4/icmp.o
                0x00000000000048a0                icmp_time_exceeded
 .text.ip4_input_accept
                0x00000000000048b2       0x34 ./lwip/src/core/ipv4/ip4.o
 .text.ip4_route
                0x00000000000048e6       0x5a ./lwip/src/core/ipv4/ip4.o
                0x00000000000048e6                ip4_route
 .text.ip4_input
                0x0000000000004940      0x1e2 ./lwip/src/core/ipv4/ip4.o
                0x0000000000004940                ip4_input
 .text.ip4_output_if_src
                0x0000000000004b22      0x126 ./lwip/src/core/ipv4/ip4.o
                0x0000000000004b22                ip4_output_if_src
 .text.ip4_output_if
                0x0000000000004c48       0x1c ./lwip/src/core/ipv4/ip4.o
                0x0000000000004c48                ip4_output_if
 .text.ip4_addr_isbroadcast_u32
                0x0000000000004c64       0x38 ./lwip/src/core/ipv4/ip4_addr.o
                0x0000000000004c64                ip4_addr_isbroadcast_u32
 .text.ip_reass_dequeue_datagram
                0x0000000000004c9c       0x40 ./lwip/src/core/ipv4/ip4_frag.o
 .text.ip_reass_free_complete_datagram
                0x0000000000004cdc       0xfe ./lwip/src/core/ipv4/ip4_frag.o
 .text.ip_reass_remove_oldest_datagram
                0x0000000000004dda       0x94 ./lwip/src/core/ipv4/ip4_frag.o
 .text.ipfrag_free_pbuf_custom
                0x0000000000004e6e       0x28 ./lwip/src/core/ipv4/ip4_frag.o
 .text.ip_reass_tmr
                0x0000000000004e96       0x2e ./lwip/src/core/ipv4/ip4_frag.o
                0x0000000000004e96                ip_reass_tmr
 .text.ip4_reass
                0x0000000000004ec4      0x4a2 ./lwip/src/core/ipv4/ip4_frag.o
                0x0000000000004ec4                ip4_reass
 .text.ip4_frag
                0x0000000000005366      0x1e0 ./lwip/src/core/ipv4/ip4_frag.o
                0x0000000000005366                ip4_frag
 .text.lwip_htons
                0x0000000000005546        0xe ./lwip/src/core/def.o
                0x0000000000005546                lwip_htons
 .text.lwip_htonl
                0x0000000000005554       0x24 ./lwip/src/core/def.o
                0x0000000000005554                lwip_htonl
 .text.lwip_standard_chksum
                0x0000000000005578       0x64 ./lwip/src/core/inet_chksum.o
                0x0000000000005578                lwip_standard_chksum
 .text.inet_chksum_pbuf
                0x00000000000055dc       0x64 ./lwip/src/core/inet_chksum.o
                0x00000000000055dc                inet_chksum_pbuf
 .text.lwip_init
                0x0000000000005640       0x20 ./lwip/src/core/init.o
                0x0000000000005640                lwip_init
 .text.mem_init
                0x0000000000005660       0x66 ./lwip/src/core/mem.o
                0x0000000000005660                mem_init
 .text.mem_free
                0x00000000000056c6      0x1bc ./lwip/src/core/mem.o
                0x00000000000056c6                mem_free
 .text.mem_trim
                0x0000000000005882      0x192 ./lwip/src/core/mem.o
                0x0000000000005882                mem_trim
 .text.mem_malloc
                0x0000000000005a14      0x168 ./lwip/src/core/mem.o
                0x0000000000005a14                mem_malloc
 .text.do_memp_malloc_pool.isra.0
                0x0000000000005b7c       0x34 ./lwip/src/core/memp.o
 .text.do_memp_free_pool.isra.1
                0x0000000000005bb0       0x2e ./lwip/src/core/memp.o
 .text.memp_init_pool
                0x0000000000005bde       0x24 ./lwip/src/core/memp.o
                0x0000000000005bde                memp_init_pool
 .text.memp_init
                0x0000000000005c02       0x1e ./lwip/src/core/memp.o
                0x0000000000005c02                memp_init
 .text.memp_malloc
                0x0000000000005c20       0x32 ./lwip/src/core/memp.o
                0x0000000000005c20                memp_malloc
 .text.memp_free
                0x0000000000005c52       0x32 ./lwip/src/core/memp.o
                0x0000000000005c52                memp_free
 .text.netif_null_output_ip4
                0x0000000000005c84        0x4 ./lwip/src/core/netif.o
 .text.netif_issue_reports
                0x0000000000005c88       0x44 ./lwip/src/core/netif.o
 .text.netif_do_set_ipaddr
                0x0000000000005ccc       0x50 ./lwip/src/core/netif.o
 .text.netif_init
                0x0000000000005d1c        0x2 ./lwip/src/core/netif.o
                0x0000000000005d1c                netif_init
 .text.netif_set_addr
                0x0000000000005d1e       0x60 ./lwip/src/core/netif.o
                0x0000000000005d1e                netif_set_addr
 .text.netif_add
                0x0000000000005d7e      0x10c ./lwip/src/core/netif.o
                0x0000000000005d7e                netif_add
 .text.netif_set_default
                0x0000000000005e8a        0x6 ./lwip/src/core/netif.o
                0x0000000000005e8a                netif_set_default
 .text.netif_get_by_index
                0x0000000000005e90       0x20 ./lwip/src/core/netif.o
                0x0000000000005e90                netif_get_by_index
 .text.pbuf_add_header_impl
                0x0000000000005eb0       0x70 ./lwip/src/core/pbuf.o
 .text.pbuf_alloc_reference
                0x0000000000005f20       0x42 ./lwip/src/core/pbuf.o
                0x0000000000005f20                pbuf_alloc_reference
 .text.pbuf_alloced_custom
                0x0000000000005f62       0x30 ./lwip/src/core/pbuf.o
                0x0000000000005f62                pbuf_alloced_custom
 .text.pbuf_add_header
                0x0000000000005f92        0xe ./lwip/src/core/pbuf.o
                0x0000000000005f92                pbuf_add_header
 .text.pbuf_remove_header
                0x0000000000005fa0       0x50 ./lwip/src/core/pbuf.o
                0x0000000000005fa0                pbuf_remove_header
 .text.pbuf_header_force
                0x0000000000005ff0       0x1c ./lwip/src/core/pbuf.o
                0x0000000000005ff0                pbuf_header_force
 .text.pbuf_free
                0x000000000000600c       0xa6 ./lwip/src/core/pbuf.o
                0x000000000000600c                pbuf_free
 .text.pbuf_alloc
                0x00000000000060b2      0x132 ./lwip/src/core/pbuf.o
                0x00000000000060b2                pbuf_alloc
 .text.pbuf_realloc
                0x00000000000061e4       0x8e ./lwip/src/core/pbuf.o
                0x00000000000061e4                pbuf_realloc
 .text.pbuf_clen
                0x0000000000006272       0x12 ./lwip/src/core/pbuf.o
                0x0000000000006272                pbuf_clen
 .text.pbuf_ref
                0x0000000000006284       0x2c ./lwip/src/core/pbuf.o
                0x0000000000006284                pbuf_ref
 .text.pbuf_cat
                0x00000000000062b0       0x58 ./lwip/src/core/pbuf.o
                0x00000000000062b0                pbuf_cat
 .text.pbuf_chain
                0x0000000000006308       0x14 ./lwip/src/core/pbuf.o
                0x0000000000006308                pbuf_chain
 .text.pbuf_copy_partial_pbuf
                0x000000000000631c      0x10e ./lwip/src/core/pbuf.o
                0x000000000000631c                pbuf_copy_partial_pbuf
 .text.pbuf_copy
                0x000000000000642a       0x22 ./lwip/src/core/pbuf.o
                0x000000000000642a                pbuf_copy
 .text.pbuf_copy_partial
                0x000000000000644c       0x84 ./lwip/src/core/pbuf.o
                0x000000000000644c                pbuf_copy_partial
 .text.pbuf_clone
                0x00000000000064d0       0x2c ./lwip/src/core/pbuf.o
                0x00000000000064d0                pbuf_clone
 .text.tcp_close_shutdown_fin
                0x00000000000064fc       0x5c ./lwip/src/core/tcp.o
 .text.tcp_init
                0x0000000000006558       0x18 ./lwip/src/core/tcp.o
                0x0000000000006558                tcp_init
 .text.tcp_free
                0x0000000000006570       0x2c ./lwip/src/core/tcp.o
                0x0000000000006570                tcp_free
 .text.tcp_update_rcv_ann_wnd
                0x000000000000659c       0x6a ./lwip/src/core/tcp.o
                0x000000000000659c                tcp_update_rcv_ann_wnd
 .text.tcp_recved
                0x0000000000006606       0x6c ./lwip/src/core/tcp.o
                0x0000000000006606                tcp_recved
 .text.tcp_seg_free
                0x0000000000006672       0x24 ./lwip/src/core/tcp.o
                0x0000000000006672                tcp_seg_free
 .text.tcp_segs_free
                0x0000000000006696       0x16 ./lwip/src/core/tcp.o
                0x0000000000006696                tcp_segs_free
 .text.tcp_pcb_purge
                0x00000000000066ac       0x50 ./lwip/src/core/tcp.o
                0x00000000000066ac                tcp_pcb_purge
 .text.tcp_slowtmr
                0x00000000000066fc      0x420 ./lwip/src/core/tcp.o
                0x00000000000066fc                tcp_slowtmr
 .text.tcp_pcb_remove
                0x0000000000006b1c       0xa0 ./lwip/src/core/tcp.o
                0x0000000000006b1c                tcp_pcb_remove
 .text.tcp_close_shutdown
                0x0000000000006bbc      0x144 ./lwip/src/core/tcp.o
 .text.tcp_close
                0x0000000000006d00       0x30 ./lwip/src/core/tcp.o
                0x0000000000006d00                tcp_close
 .text.tcp_recv_null
                0x0000000000006d30       0x42 ./lwip/src/core/tcp.o
                0x0000000000006d30                tcp_recv_null
 .text.tcp_process_refused_data
                0x0000000000006d72       0x84 ./lwip/src/core/tcp.o
                0x0000000000006d72                tcp_process_refused_data
 .text.tcp_fasttmr
                0x0000000000006df6       0x7c ./lwip/src/core/tcp.o
                0x0000000000006df6                tcp_fasttmr
 .text.tcp_tmr  0x0000000000006e72       0x22 ./lwip/src/core/tcp.o
                0x0000000000006e72                tcp_tmr
 .text.tcp_abandon
                0x0000000000006e94       0xd4 ./lwip/src/core/tcp.o
                0x0000000000006e94                tcp_abandon
 .text.tcp_abort
                0x0000000000006f68        0xe ./lwip/src/core/tcp.o
                0x0000000000006f68                tcp_abort
 .text.tcp_netif_ip_addr_changed_pcblist
                0x0000000000006f76       0x36 ./lwip/src/core/tcp.o
 .text.tcp_kill_state
                0x0000000000006fac       0x3a ./lwip/src/core/tcp.o
 .text.tcp_alloc
                0x0000000000006fe6      0x14c ./lwip/src/core/tcp.o
                0x0000000000006fe6                tcp_alloc
 .text.tcp_next_iss
                0x0000000000007132       0x34 ./lwip/src/core/tcp.o
                0x0000000000007132                tcp_next_iss
 .text.tcp_eff_send_mss_netif
                0x0000000000007166       0x48 ./lwip/src/core/tcp.o
                0x0000000000007166                tcp_eff_send_mss_netif
 .text.tcp_netif_ip_addr_changed
                0x00000000000071ae       0x42 ./lwip/src/core/tcp.o
                0x00000000000071ae                tcp_netif_ip_addr_changed
 .text.tcp_get_next_optbyte
                0x00000000000071f0       0x30 ./lwip/src/core/tcp_in.o
 .text.tcp_parseopt
                0x0000000000007220       0x9c ./lwip/src/core/tcp_in.o
 .text.tcp_input_delayed_close
                0x00000000000072bc       0x46 ./lwip/src/core/tcp_in.o
 .text.tcp_free_acked_segments.isra.2
                0x0000000000007302       0xae ./lwip/src/core/tcp_in.o
 .text.tcp_receive
                0x00000000000073b0      0x532 ./lwip/src/core/tcp_in.o
 .text.tcp_input
                0x00000000000078e2      0xc3e ./lwip/src/core/tcp_in.o
                0x00000000000078e2                tcp_input
 .text.tcp_trigger_input_pcb_close
                0x0000000000008520        0xe ./lwip/src/core/tcp_in.o
                0x0000000000008520                tcp_trigger_input_pcb_close
 .text.tcp_output_segment_busy
                0x000000000000852e       0x22 ./lwip/src/core/tcp_out.o
 .text.tcp_create_segment
                0x0000000000008550      0x112 ./lwip/src/core/tcp_out.o
 .text.tcp_output_alloc_header_common.constprop.3
                0x0000000000008662       0xb2 ./lwip/src/core/tcp_out.o
 .text.tcp_output_alloc_header.constprop.2
                0x0000000000008714       0x3e ./lwip/src/core/tcp_out.o
 .text.tcp_output_fill_options.isra.0.constprop.4
                0x0000000000008752       0x18 ./lwip/src/core/tcp_out.o
 .text.tcp_output_control_segment
                0x000000000000876a       0x5c ./lwip/src/core/tcp_out.o
 .text.tcp_split_unsent_seg
                0x00000000000087c6      0x1ae ./lwip/src/core/tcp_out.o
                0x00000000000087c6                tcp_split_unsent_seg
 .text.tcp_enqueue_flags
                0x0000000000008974       0xfe ./lwip/src/core/tcp_out.o
                0x0000000000008974                tcp_enqueue_flags
 .text.tcp_send_fin
                0x0000000000008a72       0x6c ./lwip/src/core/tcp_out.o
                0x0000000000008a72                tcp_send_fin
 .text.tcp_rexmit_rto_prepare
                0x0000000000008ade       0x94 ./lwip/src/core/tcp_out.o
                0x0000000000008ade                tcp_rexmit_rto_prepare
 .text.tcp_rexmit
                0x0000000000008b72       0xa4 ./lwip/src/core/tcp_out.o
                0x0000000000008b72                tcp_rexmit
 .text.tcp_rexmit_fast
                0x0000000000008c16       0x6c ./lwip/src/core/tcp_out.o
                0x0000000000008c16                tcp_rexmit_fast
 .text.tcp_rst  0x0000000000008c82       0x66 ./lwip/src/core/tcp_out.o
                0x0000000000008c82                tcp_rst
 .text.tcp_send_empty_ack
                0x0000000000008ce8       0x5c ./lwip/src/core/tcp_out.o
                0x0000000000008ce8                tcp_send_empty_ack
 .text.tcp_output
                0x0000000000008d44      0x3d6 ./lwip/src/core/tcp_out.o
                0x0000000000008d44                tcp_output
 .text.tcp_rexmit_rto_commit
                0x000000000000911a       0x30 ./lwip/src/core/tcp_out.o
                0x000000000000911a                tcp_rexmit_rto_commit
 .text.tcp_rexmit_rto
                0x000000000000914a       0x26 ./lwip/src/core/tcp_out.o
                0x000000000000914a                tcp_rexmit_rto
 .text.tcp_keepalive
                0x0000000000009170       0x4a ./lwip/src/core/tcp_out.o
                0x0000000000009170                tcp_keepalive
 .text.tcp_zero_window_probe
                0x00000000000091ba      0x108 ./lwip/src/core/tcp_out.o
                0x00000000000091ba                tcp_zero_window_probe
 .text.sys_timeout_abs
                0x00000000000092c2       0x64 ./lwip/src/core/timeouts.o
 .text.lwip_cyclic_timer
                0x0000000000009326       0x38 ./lwip/src/core/timeouts.o
 .text.sys_timeout
                0x000000000000935e       0x3a ./lwip/src/core/timeouts.o
                0x000000000000935e                sys_timeout
 .text.tcp_timer_needed
                0x0000000000009398       0x36 ./lwip/src/core/timeouts.o
                0x0000000000009398                tcp_timer_needed
 .text.tcpip_tcp_timer
                0x00000000000093ce       0x30 ./lwip/src/core/timeouts.o
 .text.sys_timeouts_init
                0x00000000000093fe       0x54 ./lwip/src/core/timeouts.o
                0x00000000000093fe                sys_timeouts_init
 .text.sys_check_timeouts
                0x0000000000009452       0x38 ./lwip/src/core/timeouts.o
                0x0000000000009452                sys_check_timeouts
 .text.udp_init
                0x000000000000948a       0x18 ./lwip/src/core/udp.o
                0x000000000000948a                udp_init
 .text.udp_input
                0x00000000000094a2      0x192 ./lwip/src/core/udp.o
                0x00000000000094a2                udp_input
 .text.udp_bind
                0x0000000000009634       0xb0 ./lwip/src/core/udp.o
                0x0000000000009634                udp_bind
 .text.udp_sendto_if_src
                0x00000000000096e4      0x10a ./lwip/src/core/udp.o
                0x00000000000096e4                udp_sendto_if_src
 .text.udp_sendto_if
                0x00000000000097ee       0x6c ./lwip/src/core/udp.o
                0x00000000000097ee                udp_sendto_if
 .text.udp_sendto
                0x000000000000985a       0x6e ./lwip/src/core/udp.o
                0x000000000000985a                udp_sendto
 .text.udp_connect
                0x00000000000098c8       0x66 ./lwip/src/core/udp.o
                0x00000000000098c8                udp_connect
 .text.udp_recv
                0x000000000000992e       0x1c ./lwip/src/core/udp.o
                0x000000000000992e                udp_recv
 .text.udp_remove
                0x000000000000994a       0x40 ./lwip/src/core/udp.o
                0x000000000000994a                udp_remove
 .text.udp_new  0x000000000000998a       0x22 ./lwip/src/core/udp.o
                0x000000000000998a                udp_new
 .text.udp_netif_ip_addr_changed
                0x00000000000099ac       0x24 ./lwip/src/core/udp.o
                0x00000000000099ac                udp_netif_ip_addr_changed
 .text.sys_init
                0x00000000000099d0        0x2 ./lwip/port/arch/sys_arch.o
                0x00000000000099d0                sys_init
 .text.sys_now  0x00000000000099d2        0xc ./lwip/port/arch/sys_arch.o
                0x00000000000099d2                sys_now
 .text.sys_arch_protect
                0x00000000000099de        0xe ./lwip/port/arch/sys_arch.o
                0x00000000000099de                sys_arch_protect
 .text.sys_arch_unprotect
                0x00000000000099ec        0xc ./lwip/port/arch/sys_arch.o
                0x00000000000099ec                sys_arch_unprotect
 .text.sys_mutex_new
                0x00000000000099f8       0x28 ./lwip/port/arch/sys_arch.o
                0x00000000000099f8                sys_mutex_new
 .text.sys_mutex_lock
                0x0000000000009a20       0x42 ./lwip/port/arch/sys_arch.o
                0x0000000000009a20                sys_mutex_lock
 .text.sys_mutex_unlock
                0x0000000000009a62       0x40 ./lwip/port/arch/sys_arch.o
                0x0000000000009a62                sys_mutex_unlock
 .text.low_level_output
                0x0000000000009aa2       0x2c ./lwip/port/usb_ethernetif.o
 .text.tud_network_recv_cb
                0x0000000000009ace       0x3a ./lwip/port/usb_ethernetif.o
                0x0000000000009ace                tud_network_recv_cb
 .text.tud_network_xmit_cb
                0x0000000000009b08       0x16 ./lwip/port/usb_ethernetif.o
                0x0000000000009b08                tud_network_xmit_cb
 .text.service_traffic
                0x0000000000009b1e       0x28 ./lwip/port/usb_ethernetif.o
                0x0000000000009b1e                service_traffic
 .text.tud_network_init_cb
                0x0000000000009b46       0x18 ./lwip/port/usb_ethernetif.o
                0x0000000000009b46                tud_network_init_cb
 .text.usb_ethernetif_init
                0x0000000000009b5e       0x4e ./lwip/port/usb_ethernetif.o
                0x0000000000009b5e                usb_ethernetif_init
 .text.NMI_Handler
                0x0000000000009bac        0x4 ./User/ch32v30x_it.o
                0x0000000000009bac                NMI_Handler
 .text.HardFault_Handler
                0x0000000000009bb0        0x2 ./User/ch32v30x_it.o
                0x0000000000009bb0                HardFault_Handler
 .text.vApplicationGetIdleTaskMemory
                0x0000000000009bb2       0x1c ./User/freertos_hook.o
                0x0000000000009bb2                vApplicationGetIdleTaskMemory
 .text.vApplicationGetTimerTaskMemory
                0x0000000000009bce       0x1c ./User/freertos_hook.o
                0x0000000000009bce                vApplicationGetTimerTaskMemory
 .text.dns_query_proc
                0x0000000000009bea       0x28 ./User/main.o
                0x0000000000009bea                dns_query_proc
 .text.task1_task
                0x0000000000009c12       0x2a ./User/main.o
                0x0000000000009c12                task1_task
 .text.task2_task
                0x0000000000009c3c       0x2e ./User/main.o
                0x0000000000009c3c                task2_task
 .text.usb_device_task
                0x0000000000009c6a       0x20 ./User/main.o
                0x0000000000009c6a                usb_device_task
 .text.GPIO_Toggle_INIT
                0x0000000000009c8a       0x40 ./User/main.o
                0x0000000000009c8a                GPIO_Toggle_INIT
 .text.board_init
                0x0000000000009cca       0x40 ./User/main.o
                0x0000000000009cca                board_init
 .text.LWIPStackInit
                0x0000000000009d0a       0x6e ./User/main.o
                0x0000000000009d0a                LWIPStackInit
 .text.startup.main
                0x0000000000009d78       0xd0 ./User/main.o
                0x0000000000009d78                main
 .text.tud_mount_cb
                0x0000000000009e48        0x2 ./User/main.o
                0x0000000000009e48                tud_mount_cb
 .text.tud_umount_cb
                0x0000000000009e4a        0x2 ./User/main.o
                0x0000000000009e4a                tud_umount_cb
 .text.tud_suspend_cb
                0x0000000000009e4c        0x2 ./User/main.o
                0x0000000000009e4c                tud_suspend_cb
 .text.tud_resume_cb
                0x0000000000009e4e        0x2 ./User/main.o
                0x0000000000009e4e                tud_resume_cb
 .text.USBHS_IRQHandler
                0x0000000000009e50        0x6 ./User/main.o
                0x0000000000009e50                USBHS_IRQHandler
 .text.USBHS_IRQHandler_impl
                0x0000000000009e56        0xe ./User/main.o
                0x0000000000009e56                USBHS_IRQHandler_impl
 .text.CH30x_RNG_GENERATE
                0x0000000000009e64       0x50 ./User/main.o
                0x0000000000009e64                CH30x_RNG_GENERATE
 .text.SystemInit
                0x0000000000009eb4       0xf8 ./User/system_ch32v30x.o
                0x0000000000009eb4                SystemInit
 .text.tud_descriptor_device_cb
                0x0000000000009fac        0x8 ./User/usb_descriptors.o
                0x0000000000009fac                tud_descriptor_device_cb
 .text.tud_descriptor_configuration_cb
                0x0000000000009fb4       0x18 ./User/usb_descriptors.o
                0x0000000000009fb4                tud_descriptor_configuration_cb
 .text.tud_descriptor_string_cb
                0x0000000000009fcc       0xd6 ./User/usb_descriptors.o
                0x0000000000009fcc                tud_descriptor_string_cb
 .text.vector_handler
                0x000000000000a0a2       0xbe ./Startup/startup_ch32v30x_D8C.o
                0x000000000000a0a6                Ecall_M_Mode_Handler
                0x000000000000a0a8                Ecall_U_Mode_Handler
                0x000000000000a0aa                Break_Point_Handler
                0x000000000000a0b0                WWDG_IRQHandler
                0x000000000000a0b2                PVD_IRQHandler
                0x000000000000a0b4                TAMPER_IRQHandler
                0x000000000000a0b6                RTC_IRQHandler
                0x000000000000a0b8                FLASH_IRQHandler
                0x000000000000a0ba                RCC_IRQHandler
                0x000000000000a0bc                EXTI0_IRQHandler
                0x000000000000a0be                EXTI1_IRQHandler
                0x000000000000a0c0                EXTI2_IRQHandler
                0x000000000000a0c2                EXTI3_IRQHandler
                0x000000000000a0c4                EXTI4_IRQHandler
                0x000000000000a0c6                DMA1_Channel1_IRQHandler
                0x000000000000a0c8                DMA1_Channel2_IRQHandler
                0x000000000000a0ca                DMA1_Channel3_IRQHandler
                0x000000000000a0cc                DMA1_Channel4_IRQHandler
                0x000000000000a0ce                DMA1_Channel5_IRQHandler
                0x000000000000a0d0                DMA1_Channel6_IRQHandler
                0x000000000000a0d2                DMA1_Channel7_IRQHandler
                0x000000000000a0d4                ADC1_2_IRQHandler
                0x000000000000a0d6                USB_HP_CAN1_TX_IRQHandler
                0x000000000000a0d8                USB_LP_CAN1_RX0_IRQHandler
                0x000000000000a0da                CAN1_RX1_IRQHandler
                0x000000000000a0dc                CAN1_SCE_IRQHandler
                0x000000000000a0de                EXTI9_5_IRQHandler
                0x000000000000a0e0                TIM1_BRK_IRQHandler
                0x000000000000a0e2                TIM1_UP_IRQHandler
                0x000000000000a0e4                TIM1_TRG_COM_IRQHandler
                0x000000000000a0e6                TIM1_CC_IRQHandler
                0x000000000000a0e8                TIM2_IRQHandler
                0x000000000000a0ea                TIM3_IRQHandler
                0x000000000000a0ec                TIM4_IRQHandler
                0x000000000000a0ee                I2C1_EV_IRQHandler
                0x000000000000a0f0                I2C1_ER_IRQHandler
                0x000000000000a0f2                I2C2_EV_IRQHandler
                0x000000000000a0f4                I2C2_ER_IRQHandler
                0x000000000000a0f6                SPI1_IRQHandler
                0x000000000000a0f8                SPI2_IRQHandler
                0x000000000000a0fa                USART1_IRQHandler
                0x000000000000a0fc                USART2_IRQHandler
                0x000000000000a0fe                USART3_IRQHandler
                0x000000000000a100                EXTI15_10_IRQHandler
                0x000000000000a102                RTCAlarm_IRQHandler
                0x000000000000a104                USBWakeUp_IRQHandler
                0x000000000000a106                TIM8_BRK_IRQHandler
                0x000000000000a108                TIM8_UP_IRQHandler
                0x000000000000a10a                TIM8_TRG_COM_IRQHandler
                0x000000000000a10c                TIM8_CC_IRQHandler
                0x000000000000a10e                RNG_IRQHandler
                0x000000000000a110                FSMC_IRQHandler
                0x000000000000a112                SDIO_IRQHandler
                0x000000000000a114                TIM5_IRQHandler
                0x000000000000a116                SPI3_IRQHandler
                0x000000000000a118                UART4_IRQHandler
                0x000000000000a11a                UART5_IRQHandler
                0x000000000000a11c                TIM6_IRQHandler
                0x000000000000a11e                TIM7_IRQHandler
                0x000000000000a120                DMA2_Channel1_IRQHandler
                0x000000000000a122                DMA2_Channel2_IRQHandler
                0x000000000000a124                DMA2_Channel3_IRQHandler
                0x000000000000a126                DMA2_Channel4_IRQHandler
                0x000000000000a128                DMA2_Channel5_IRQHandler
                0x000000000000a12a                ETH_IRQHandler
                0x000000000000a12c                ETH_WKUP_IRQHandler
                0x000000000000a12e                CAN2_TX_IRQHandler
                0x000000000000a130                CAN2_RX0_IRQHandler
                0x000000000000a132                CAN2_RX1_IRQHandler
                0x000000000000a134                CAN2_SCE_IRQHandler
                0x000000000000a136                OTG_FS_IRQHandler
                0x000000000000a138                USBHSWakeup_IRQHandler
                0x000000000000a13c                DVP_IRQHandler
                0x000000000000a13e                UART6_IRQHandler
                0x000000000000a140                UART7_IRQHandler
                0x000000000000a142                UART8_IRQHandler
                0x000000000000a144                TIM9_BRK_IRQHandler
                0x000000000000a146                TIM9_UP_IRQHandler
                0x000000000000a148                TIM9_TRG_COM_IRQHandler
                0x000000000000a14a                TIM9_CC_IRQHandler
                0x000000000000a14c                TIM10_BRK_IRQHandler
                0x000000000000a14e                TIM10_UP_IRQHandler
                0x000000000000a150                TIM10_TRG_COM_IRQHandler
                0x000000000000a152                TIM10_CC_IRQHandler
                0x000000000000a154                DMA2_Channel6_IRQHandler
                0x000000000000a156                DMA2_Channel7_IRQHandler
                0x000000000000a158                DMA2_Channel8_IRQHandler
                0x000000000000a15a                DMA2_Channel9_IRQHandler
                0x000000000000a15c                DMA2_Channel10_IRQHandler
                0x000000000000a15e                DMA2_Channel11_IRQHandler
 .text.handle_reset
                0x000000000000a160       0x92 ./Startup/startup_ch32v30x_D8C.o
                0x000000000000a160                handle_reset
 .text.GPIO_Init
                0x000000000000a1f2       0xc0 ./Peripheral/src/ch32v30x_gpio.o
                0x000000000000a1f2                GPIO_Init
 .text.GPIO_SetBits
                0x000000000000a2b2        0x4 ./Peripheral/src/ch32v30x_gpio.o
                0x000000000000a2b2                GPIO_SetBits
 .text.GPIO_ResetBits
                0x000000000000a2b6        0x4 ./Peripheral/src/ch32v30x_gpio.o
                0x000000000000a2b6                GPIO_ResetBits
 .text.NVIC_PriorityGroupConfig
                0x000000000000a2ba        0x6 ./Peripheral/src/ch32v30x_misc.o
                0x000000000000a2ba                NVIC_PriorityGroupConfig
 .text.RCC_GetClocksFreq
                0x000000000000a2c0      0x176 ./Peripheral/src/ch32v30x_rcc.o
                0x000000000000a2c0                RCC_GetClocksFreq
 .text.RCC_AHBPeriphClockCmd
                0x000000000000a436       0x1e ./Peripheral/src/ch32v30x_rcc.o
                0x000000000000a436                RCC_AHBPeriphClockCmd
 .text.RCC_APB2PeriphClockCmd
                0x000000000000a454       0x1e ./Peripheral/src/ch32v30x_rcc.o
                0x000000000000a454                RCC_APB2PeriphClockCmd
 .text.RCC_USBHSConfig
                0x000000000000a472       0x1a ./Peripheral/src/ch32v30x_rcc.o
                0x000000000000a472                RCC_USBHSConfig
 .text.RCC_USBHSPLLCLKConfig
                0x000000000000a48c       0x1a ./Peripheral/src/ch32v30x_rcc.o
                0x000000000000a48c                RCC_USBHSPLLCLKConfig
 .text.RCC_USBHSPLLCKREFCLKConfig
                0x000000000000a4a6       0x1a ./Peripheral/src/ch32v30x_rcc.o
                0x000000000000a4a6                RCC_USBHSPLLCKREFCLKConfig
 .text.RCC_USBHSPHYPLLALIVEcmd
                0x000000000000a4c0       0x24 ./Peripheral/src/ch32v30x_rcc.o
                0x000000000000a4c0                RCC_USBHSPHYPLLALIVEcmd
 .text.RCC_USBCLK48MConfig
                0x000000000000a4e4       0x16 ./Peripheral/src/ch32v30x_rcc.o
                0x000000000000a4e4                RCC_USBCLK48MConfig
 .text.RNG_Cmd  0x000000000000a4fa       0x18 ./Peripheral/src/ch32v30x_rng.o
                0x000000000000a4fa                RNG_Cmd
 .text.RNG_GetRandomNumber
                0x000000000000a512        0xa ./Peripheral/src/ch32v30x_rng.o
                0x000000000000a512                RNG_GetRandomNumber
 .text.RNG_GetFlagStatus
                0x000000000000a51c       0x12 ./Peripheral/src/ch32v30x_rng.o
                0x000000000000a51c                RNG_GetFlagStatus
 .text.RNG_ClearFlag
                0x000000000000a52e       0x10 ./Peripheral/src/ch32v30x_rng.o
                0x000000000000a52e                RNG_ClearFlag
 .text.USART_Init
                0x000000000000a53e       0xbc ./Peripheral/src/ch32v30x_usart.o
                0x000000000000a53e                USART_Init
 .text.USART_Cmd
                0x000000000000a5fa       0x16 ./Peripheral/src/ch32v30x_usart.o
                0x000000000000a5fa                USART_Cmd
 .text.USART_SendData
                0x000000000000a610        0x8 ./Peripheral/src/ch32v30x_usart.o
                0x000000000000a610                USART_SendData
 .text.USART_GetFlagStatus
                0x000000000000a618        0xa ./Peripheral/src/ch32v30x_usart.o
                0x000000000000a618                USART_GetFlagStatus
 .text.prvInsertBlockIntoFreeList
                0x000000000000a622       0x44 ./FreeRTOS/portable/MemMang/heap_4.o
 .text.pvPortMalloc
                0x000000000000a666      0x168 ./FreeRTOS/portable/MemMang/heap_4.o
                0x000000000000a666                pvPortMalloc
 .text.vPortFree
                0x000000000000a7ce       0x9c ./FreeRTOS/portable/MemMang/heap_4.o
                0x000000000000a7ce                vPortFree
 .text.vPortSetupTimerInterrupt
                0x000000000000a86a       0x3a ./FreeRTOS/portable/GCC/RISC-V/port.o
                0x000000000000a86a                vPortSetupTimerInterrupt
 .text.xPortStartScheduler
                0x000000000000a8a4       0x90 ./FreeRTOS/portable/GCC/RISC-V/port.o
                0x000000000000a8a4                xPortStartScheduler
 .text.SysTick_Handler
                0x000000000000a934       0x8c ./FreeRTOS/portable/GCC/RISC-V/port.o
                0x000000000000a934                SysTick_Handler
 .text.vPortEnterCritical
                0x000000000000a9c0       0x16 ./FreeRTOS/portable/GCC/RISC-V/port.o
                0x000000000000a9c0                vPortEnterCritical
 .text.vPortExitCritical
                0x000000000000a9d6       0x42 ./FreeRTOS/portable/GCC/RISC-V/port.o
                0x000000000000a9d6                vPortExitCritical
 .text.xPortSetInterruptMask
                0x000000000000aa18        0xc ./FreeRTOS/portable/GCC/RISC-V/port.o
                0x000000000000aa18                xPortSetInterruptMask
 .text.vPortClearInterruptMask
                0x000000000000aa24        0x6 ./FreeRTOS/portable/GCC/RISC-V/port.o
                0x000000000000aa24                vPortClearInterruptMask
 .text.vListInitialise
                0x000000000000aa2a       0x14 ./FreeRTOS/list.o
                0x000000000000aa2a                vListInitialise
 .text.vListInitialiseItem
                0x000000000000aa3e        0x6 ./FreeRTOS/list.o
                0x000000000000aa3e                vListInitialiseItem
 .text.vListInsert
                0x000000000000aa44       0x2e ./FreeRTOS/list.o
                0x000000000000aa44                vListInsert
 .text.uxListRemove
                0x000000000000aa72       0x20 ./FreeRTOS/list.o
                0x000000000000aa72                uxListRemove
 .text.prvIsQueueEmpty
                0x000000000000aa92       0x1e ./FreeRTOS/queue.o
 .text.prvCopyDataToQueue
                0x000000000000aab0       0x72 ./FreeRTOS/queue.o
 .text.prvCopyDataFromQueue
                0x000000000000ab22       0x28 ./FreeRTOS/queue.o
 .text.prvUnlockQueue
                0x000000000000ab4a       0x76 ./FreeRTOS/queue.o
 .text.xQueueGenericReset
                0x000000000000abc0       0xc4 ./FreeRTOS/queue.o
                0x000000000000abc0                xQueueGenericReset
 .text.xQueueGenericCreateStatic
                0x000000000000ac84       0xae ./FreeRTOS/queue.o
                0x000000000000ac84                xQueueGenericCreateStatic
 .text.xQueueGenericCreate
                0x000000000000ad32       0x72 ./FreeRTOS/queue.o
                0x000000000000ad32                xQueueGenericCreate
 .text.xQueueGenericSend
                0x000000000000ada4      0x1a8 ./FreeRTOS/queue.o
                0x000000000000ada4                xQueueGenericSend
 .text.xQueueCreateMutexStatic
                0x000000000000af4c       0x32 ./FreeRTOS/queue.o
                0x000000000000af4c                xQueueCreateMutexStatic
 .text.xQueueGiveMutexRecursive
                0x000000000000af7e       0x56 ./FreeRTOS/queue.o
                0x000000000000af7e                xQueueGiveMutexRecursive
 .text.xQueueCreateMutex
                0x000000000000afd4       0x2e ./FreeRTOS/queue.o
                0x000000000000afd4                xQueueCreateMutex
 .text.xQueueGenericSendFromISR
                0x000000000000b002      0x128 ./FreeRTOS/queue.o
                0x000000000000b002                xQueueGenericSendFromISR
 .text.xQueueReceive
                0x000000000000b12a      0x166 ./FreeRTOS/queue.o
                0x000000000000b12a                xQueueReceive
 .text.xQueueSemaphoreTake
                0x000000000000b290      0x1be ./FreeRTOS/queue.o
                0x000000000000b290                xQueueSemaphoreTake
 .text.xQueueTakeMutexRecursive
                0x000000000000b44e       0x5a ./FreeRTOS/queue.o
                0x000000000000b44e                xQueueTakeMutexRecursive
 .text.uxQueueMessagesWaiting
                0x000000000000b4a8       0x44 ./FreeRTOS/queue.o
                0x000000000000b4a8                uxQueueMessagesWaiting
 .text.vQueueAddToRegistry
                0x000000000000b4ec       0x6c ./FreeRTOS/queue.o
                0x000000000000b4ec                vQueueAddToRegistry
 .text.vQueueWaitForMessageRestricted
                0x000000000000b558       0x5c ./FreeRTOS/queue.o
                0x000000000000b558                vQueueWaitForMessageRestricted
 .text.prvAddNewTaskToReadyList
                0x000000000000b5b4      0x102 ./FreeRTOS/tasks.o
 .text.prvResetNextTaskUnblockTime
                0x000000000000b6b6       0x1c ./FreeRTOS/tasks.o
 .text.prvInitialiseNewTask.isra.2
                0x000000000000b6d2       0xc8 ./FreeRTOS/tasks.o
 .text.prvDeleteTCB
                0x000000000000b79a       0x4e ./FreeRTOS/tasks.o
 .text.prvIdleTask
                0x000000000000b7e8       0x42 ./FreeRTOS/tasks.o
 .text.prvAddCurrentTaskToDelayedList
                0x000000000000b82a       0x92 ./FreeRTOS/tasks.o
 .text.xTaskCreateStatic
                0x000000000000b8bc       0xa6 ./FreeRTOS/tasks.o
                0x000000000000b8bc                xTaskCreateStatic
 .text.xTaskCreate
                0x000000000000b962       0x5a ./FreeRTOS/tasks.o
                0x000000000000b962                xTaskCreate
 .text.vTaskStartScheduler
                0x000000000000b9bc       0x90 ./FreeRTOS/tasks.o
                0x000000000000b9bc                vTaskStartScheduler
 .text.vTaskSuspendAll
                0x000000000000ba4c        0xc ./FreeRTOS/tasks.o
                0x000000000000ba4c                vTaskSuspendAll
 .text.xTaskGetTickCount
                0x000000000000ba58        0x6 ./FreeRTOS/tasks.o
                0x000000000000ba58                xTaskGetTickCount
 .text.xTaskIncrementTick
                0x000000000000ba5e      0x180 ./FreeRTOS/tasks.o
                0x000000000000ba5e                xTaskIncrementTick
 .text.xTaskResumeAll
                0x000000000000bbde      0x148 ./FreeRTOS/tasks.o
                0x000000000000bbde                xTaskResumeAll
 .text.vTaskDelay
                0x000000000000bd26       0x62 ./FreeRTOS/tasks.o
                0x000000000000bd26                vTaskDelay
 .text.vTaskSwitchContext
                0x000000000000bd88       0x8a ./FreeRTOS/tasks.o
                0x000000000000bd88                vTaskSwitchContext
 .text.vTaskPlaceOnEventList
                0x000000000000be12       0x44 ./FreeRTOS/tasks.o
                0x000000000000be12                vTaskPlaceOnEventList
 .text.vTaskPlaceOnEventListRestricted
                0x000000000000be56       0x72 ./FreeRTOS/tasks.o
                0x000000000000be56                vTaskPlaceOnEventListRestricted
 .text.xTaskRemoveFromEventList
                0x000000000000bec8       0xdc ./FreeRTOS/tasks.o
                0x000000000000bec8                xTaskRemoveFromEventList
 .text.vTaskInternalSetTimeOutState
                0x000000000000bfa4        0xe ./FreeRTOS/tasks.o
                0x000000000000bfa4                vTaskInternalSetTimeOutState
 .text.xTaskCheckForTimeOut
                0x000000000000bfb2       0xbe ./FreeRTOS/tasks.o
                0x000000000000bfb2                xTaskCheckForTimeOut
 .text.vTaskMissedYield
                0x000000000000c070        0x8 ./FreeRTOS/tasks.o
                0x000000000000c070                vTaskMissedYield
 .text.xTaskGetCurrentTaskHandle
                0x000000000000c078        0x6 ./FreeRTOS/tasks.o
                0x000000000000c078                xTaskGetCurrentTaskHandle
 .text.xTaskGetSchedulerState
                0x000000000000c07e       0x14 ./FreeRTOS/tasks.o
                0x000000000000c07e                xTaskGetSchedulerState
 .text.xTaskPriorityInherit
                0x000000000000c092       0xa6 ./FreeRTOS/tasks.o
                0x000000000000c092                xTaskPriorityInherit
 .text.xTaskPriorityDisinherit
                0x000000000000c138       0xc2 ./FreeRTOS/tasks.o
                0x000000000000c138                xTaskPriorityDisinherit
 .text.vTaskPriorityDisinheritAfterTimeout
                0x000000000000c1fa       0xda ./FreeRTOS/tasks.o
                0x000000000000c1fa                vTaskPriorityDisinheritAfterTimeout
 .text.pvTaskIncrementMutexHeldCount
                0x000000000000c2d4       0x18 ./FreeRTOS/tasks.o
                0x000000000000c2d4                pvTaskIncrementMutexHeldCount
 .text.prvCheckForValidListAndQueue
                0x000000000000c2ec       0x6a ./FreeRTOS/timers.o
 .text.prvInsertTimerInActiveList
                0x000000000000c356       0x3e ./FreeRTOS/timers.o
 .text.prvReloadTimer
                0x000000000000c394       0x2a ./FreeRTOS/timers.o
 .text.prvProcessExpiredTimer
                0x000000000000c3be       0x42 ./FreeRTOS/timers.o
 .text.prvSwitchTimerLists
                0x000000000000c400       0x28 ./FreeRTOS/timers.o
 .text.prvTimerTask
                0x000000000000c428      0x186 ./FreeRTOS/timers.o
 .text.xTimerCreateTimerTask
                0x000000000000c5ae       0x6c ./FreeRTOS/timers.o
                0x000000000000c5ae                xTimerCreateTimerTask
 .text.Delay_Init
                0x000000000000c61a       0x26 ./Debug/debug.o
                0x000000000000c61a                Delay_Init
 .text.Delay_Us
                0x000000000000c640       0x36 ./Debug/debug.o
                0x000000000000c640                Delay_Us
 .text.USART_Printf_Init
                0x000000000000c676       0x5a ./Debug/debug.o
                0x000000000000c676                USART_Printf_Init
 .text._write   0x000000000000c6d0       0x3e ./Debug/debug.o
                0x000000000000c6d0                _write
 .text._sbrk    0x000000000000c70e       0x2a ./Debug/debug.o
                0x000000000000c70e                _sbrk
 .text.__locale_ctype_ptr
                0x000000000000c738       0x18 c:/mounriver/mounriver_studio/toolchain/risc-v embedded gcc/bin/../lib/gcc/riscv-none-embed/8.2.0/../../../../riscv-none-embed/lib/rv32imafcxw/ilp32f\libg_nano.a(lib_a-locale.o)
                0x000000000000c738                __locale_ctype_ptr
 .text.__ascii_mbtowc
                0x000000000000c750       0x32 c:/mounriver/mounriver_studio/toolchain/risc-v embedded gcc/bin/../lib/gcc/riscv-none-embed/8.2.0/../../../../riscv-none-embed/lib/rv32imafcxw/ilp32f\libg_nano.a(lib_a-mbtowc_r.o)
                0x000000000000c750                __ascii_mbtowc
 .text.memcmp   0x000000000000c782       0x24 c:/mounriver/mounriver_studio/toolchain/risc-v embedded gcc/bin/../lib/gcc/riscv-none-embed/8.2.0/../../../../riscv-none-embed/lib/rv32imafcxw/ilp32f\libg_nano.a(lib_a-memcmp.o)
                0x000000000000c782                memcmp
 .text.memcpy   0x000000000000c7a6       0xb2 c:/mounriver/mounriver_studio/toolchain/risc-v embedded gcc/bin/../lib/gcc/riscv-none-embed/8.2.0/../../../../riscv-none-embed/lib/rv32imafcxw/ilp32f\libg_nano.a(lib_a-memcpy.o)
                0x000000000000c7a6                memcpy
 .text.printf   0x000000000000c858       0x40 c:/mounriver/mounriver_studio/toolchain/risc-v embedded gcc/bin/../lib/gcc/riscv-none-embed/8.2.0/../../../../riscv-none-embed/lib/rv32imafcxw/ilp32f\libg_nano.a(lib_a-printf.o)
                0x000000000000c858                iprintf
                0x000000000000c858                printf
 .text.putchar  0x000000000000c898       0x2a c:/mounriver/mounriver_studio/toolchain/risc-v embedded gcc/bin/../lib/gcc/riscv-none-embed/8.2.0/../../../../riscv-none-embed/lib/rv32imafcxw/ilp32f\libg_nano.a(lib_a-putchar.o)
                0x000000000000c898                putchar
 .text._puts_r  0x000000000000c8c2       0xd4 c:/mounriver/mounriver_studio/toolchain/risc-v embedded gcc/bin/../lib/gcc/riscv-none-embed/8.2.0/../../../../riscv-none-embed/lib/rv32imafcxw/ilp32f\libg_nano.a(lib_a-puts.o)
                0x000000000000c8c2                _puts_r
 .text.puts     0x000000000000c996        0xc c:/mounriver/mounriver_studio/toolchain/risc-v embedded gcc/bin/../lib/gcc/riscv-none-embed/8.2.0/../../../../riscv-none-embed/lib/rv32imafcxw/ilp32f\libg_nano.a(lib_a-puts.o)
                0x000000000000c996                puts
 .text.strlen   0x000000000000c9a2       0x12 c:/mounriver/mounriver_studio/toolchain/risc-v embedded gcc/bin/../lib/gcc/riscv-none-embed/8.2.0/../../../../riscv-none-embed/lib/rv32imafcxw/ilp32f\libg_nano.a(lib_a-strlen.o)
                0x000000000000c9a2                strlen
 .text.__swbuf_r
                0x000000000000c9b4       0xbc c:/mounriver/mounriver_studio/toolchain/risc-v embedded gcc/bin/../lib/gcc/riscv-none-embed/8.2.0/../../../../riscv-none-embed/lib/rv32imafcxw/ilp32f\libg_nano.a(lib_a-wbuf.o)
                0x000000000000c9b4                __swbuf_r
 .text.__ascii_wctomb
                0x000000000000ca70       0x1e c:/mounriver/mounriver_studio/toolchain/risc-v embedded gcc/bin/../lib/gcc/riscv-none-embed/8.2.0/../../../../riscv-none-embed/lib/rv32imafcxw/ilp32f\libg_nano.a(lib_a-wctomb_r.o)
                0x000000000000ca70                __ascii_wctomb
 .text.__swsetup_r
                0x000000000000ca8e       0xfc c:/mounriver/mounriver_studio/toolchain/risc-v embedded gcc/bin/../lib/gcc/riscv-none-embed/8.2.0/../../../../riscv-none-embed/lib/rv32imafcxw/ilp32f\libg_nano.a(lib_a-wsetup.o)
                0x000000000000ca8e                __swsetup_r
 .text.__sflush_r
                0x000000000000cb8a      0x130 c:/mounriver/mounriver_studio/toolchain/risc-v embedded gcc/bin/../lib/gcc/riscv-none-embed/8.2.0/../../../../riscv-none-embed/lib/rv32imafcxw/ilp32f\libg_nano.a(lib_a-fflush.o)
                0x000000000000cb8a                __sflush_r
 .text._fflush_r
                0x000000000000ccba       0x66 c:/mounriver/mounriver_studio/toolchain/risc-v embedded gcc/bin/../lib/gcc/riscv-none-embed/8.2.0/../../../../riscv-none-embed/lib/rv32imafcxw/ilp32f\libg_nano.a(lib_a-fflush.o)
                0x000000000000ccba                _fflush_r
 .text.std      0x000000000000cd20       0x66 c:/mounriver/mounriver_studio/toolchain/risc-v embedded gcc/bin/../lib/gcc/riscv-none-embed/8.2.0/../../../../riscv-none-embed/lib/rv32imafcxw/ilp32f\libg_nano.a(lib_a-findfp.o)
 .text._cleanup_r
                0x000000000000cd86        0xa c:/mounriver/mounriver_studio/toolchain/risc-v embedded gcc/bin/../lib/gcc/riscv-none-embed/8.2.0/../../../../riscv-none-embed/lib/rv32imafcxw/ilp32f\libg_nano.a(lib_a-findfp.o)
                0x000000000000cd86                _cleanup_r
 .text.__sfmoreglue
                0x000000000000cd90       0x46 c:/mounriver/mounriver_studio/toolchain/risc-v embedded gcc/bin/../lib/gcc/riscv-none-embed/8.2.0/../../../../riscv-none-embed/lib/rv32imafcxw/ilp32f\libg_nano.a(lib_a-findfp.o)
                0x000000000000cd90                __sfmoreglue
 .text.__sinit  0x000000000000cdd6       0x6c c:/mounriver/mounriver_studio/toolchain/risc-v embedded gcc/bin/../lib/gcc/riscv-none-embed/8.2.0/../../../../riscv-none-embed/lib/rv32imafcxw/ilp32f\libg_nano.a(lib_a-findfp.o)
                0x000000000000cdd6                __sinit
 .text.__sfp    0x000000000000ce42       0xa0 c:/mounriver/mounriver_studio/toolchain/risc-v embedded gcc/bin/../lib/gcc/riscv-none-embed/8.2.0/../../../../riscv-none-embed/lib/rv32imafcxw/ilp32f\libg_nano.a(lib_a-findfp.o)
                0x000000000000ce42                __sfp
 .text._fwalk_reent
                0x000000000000cee2       0x6a c:/mounriver/mounriver_studio/toolchain/risc-v embedded gcc/bin/../lib/gcc/riscv-none-embed/8.2.0/../../../../riscv-none-embed/lib/rv32imafcxw/ilp32f\libg_nano.a(lib_a-fwalk.o)
                0x000000000000cee2                _fwalk_reent
 .text.__swhatbuf_r
                0x000000000000cf4c       0x58 c:/mounriver/mounriver_studio/toolchain/risc-v embedded gcc/bin/../lib/gcc/riscv-none-embed/8.2.0/../../../../riscv-none-embed/lib/rv32imafcxw/ilp32f\libg_nano.a(lib_a-makebuf.o)
                0x000000000000cf4c                __swhatbuf_r
 .text.__smakebuf_r
                0x000000000000cfa4       0x92 c:/mounriver/mounriver_studio/toolchain/risc-v embedded gcc/bin/../lib/gcc/riscv-none-embed/8.2.0/../../../../riscv-none-embed/lib/rv32imafcxw/ilp32f\libg_nano.a(lib_a-makebuf.o)
                0x000000000000cfa4                __smakebuf_r
 .text._free_r  0x000000000000d036       0xa8 c:/mounriver/mounriver_studio/toolchain/risc-v embedded gcc/bin/../lib/gcc/riscv-none-embed/8.2.0/../../../../riscv-none-embed/lib/rv32imafcxw/ilp32f\libg_nano.a(lib_a-nano-freer.o)
                0x000000000000d036                _free_r
 .text._malloc_r
                0x000000000000d0de       0xd8 c:/mounriver/mounriver_studio/toolchain/risc-v embedded gcc/bin/../lib/gcc/riscv-none-embed/8.2.0/../../../../riscv-none-embed/lib/rv32imafcxw/ilp32f\libg_nano.a(lib_a-nano-mallocr.o)
                0x000000000000d0de                _malloc_r
 .text.__sfputc_r
                0x000000000000d1b6       0x28 c:/mounriver/mounriver_studio/toolchain/risc-v embedded gcc/bin/../lib/gcc/riscv-none-embed/8.2.0/../../../../riscv-none-embed/lib/rv32imafcxw/ilp32f\libg_nano.a(lib_a-nano-vfprintf.o)
 .text.__sfputs_r
                0x000000000000d1de       0x42 c:/mounriver/mounriver_studio/toolchain/risc-v embedded gcc/bin/../lib/gcc/riscv-none-embed/8.2.0/../../../../riscv-none-embed/lib/rv32imafcxw/ilp32f\libg_nano.a(lib_a-nano-vfprintf.o)
                0x000000000000d1de                __sfputs_r
 .text._vfprintf_r
                0x000000000000d220      0x28a c:/mounriver/mounriver_studio/toolchain/risc-v embedded gcc/bin/../lib/gcc/riscv-none-embed/8.2.0/../../../../riscv-none-embed/lib/rv32imafcxw/ilp32f\libg_nano.a(lib_a-nano-vfprintf.o)
                0x000000000000d220                _vfprintf_r
                0x000000000000d220                _vfiprintf_r
 .text._printf_common
                0x000000000000d4aa      0x10c c:/mounriver/mounriver_studio/toolchain/risc-v embedded gcc/bin/../lib/gcc/riscv-none-embed/8.2.0/../../../../riscv-none-embed/lib/rv32imafcxw/ilp32f\libg_nano.a(lib_a-nano-vfprintf_i.o)
                0x000000000000d4aa                _printf_common
 .text._printf_i
                0x000000000000d5b6      0x2a2 c:/mounriver/mounriver_studio/toolchain/risc-v embedded gcc/bin/../lib/gcc/riscv-none-embed/8.2.0/../../../../riscv-none-embed/lib/rv32imafcxw/ilp32f\libg_nano.a(lib_a-nano-vfprintf_i.o)
                0x000000000000d5b6                _printf_i
 .text._putc_r  0x000000000000d858       0x84 c:/mounriver/mounriver_studio/toolchain/risc-v embedded gcc/bin/../lib/gcc/riscv-none-embed/8.2.0/../../../../riscv-none-embed/lib/rv32imafcxw/ilp32f\libg_nano.a(lib_a-putc.o)
                0x000000000000d858                _putc_r
 .text._sbrk_r  0x000000000000d8dc       0x32 c:/mounriver/mounriver_studio/toolchain/risc-v embedded gcc/bin/../lib/gcc/riscv-none-embed/8.2.0/../../../../riscv-none-embed/lib/rv32imafcxw/ilp32f\libg_nano.a(lib_a-sbrkr.o)
                0x000000000000d8dc                _sbrk_r
 .text.__sread  0x000000000000d90e       0x2c c:/mounriver/mounriver_studio/toolchain/risc-v embedded gcc/bin/../lib/gcc/riscv-none-embed/8.2.0/../../../../riscv-none-embed/lib/rv32imafcxw/ilp32f\libg_nano.a(lib_a-stdio.o)
                0x000000000000d90e                __sread
 .text.__swrite
                0x000000000000d93a       0x48 c:/mounriver/mounriver_studio/toolchain/risc-v embedded gcc/bin/../lib/gcc/riscv-none-embed/8.2.0/../../../../riscv-none-embed/lib/rv32imafcxw/ilp32f\libg_nano.a(lib_a-stdio.o)
                0x000000000000d93a                __swrite
 .text.__sseek  0x000000000000d982       0x30 c:/mounriver/mounriver_studio/toolchain/risc-v embedded gcc/bin/../lib/gcc/riscv-none-embed/8.2.0/../../../../riscv-none-embed/lib/rv32imafcxw/ilp32f\libg_nano.a(lib_a-stdio.o)
                0x000000000000d982                __sseek
 .text.__sclose
                0x000000000000d9b2        0x6 c:/mounriver/mounriver_studio/toolchain/risc-v embedded gcc/bin/../lib/gcc/riscv-none-embed/8.2.0/../../../../riscv-none-embed/lib/rv32imafcxw/ilp32f\libg_nano.a(lib_a-stdio.o)
                0x000000000000d9b2                __sclose
 .text._write_r
                0x000000000000d9b8       0x36 c:/mounriver/mounriver_studio/toolchain/risc-v embedded gcc/bin/../lib/gcc/riscv-none-embed/8.2.0/../../../../riscv-none-embed/lib/rv32imafcxw/ilp32f\libg_nano.a(lib_a-writer.o)
                0x000000000000d9b8                _write_r
 .text._close_r
                0x000000000000d9ee       0x30 c:/mounriver/mounriver_studio/toolchain/risc-v embedded gcc/bin/../lib/gcc/riscv-none-embed/8.2.0/../../../../riscv-none-embed/lib/rv32imafcxw/ilp32f\libg_nano.a(lib_a-closer.o)
                0x000000000000d9ee                _close_r
 .text._fstat_r
                0x000000000000da1e       0x32 c:/mounriver/mounriver_studio/toolchain/risc-v embedded gcc/bin/../lib/gcc/riscv-none-embed/8.2.0/../../../../riscv-none-embed/lib/rv32imafcxw/ilp32f\libg_nano.a(lib_a-fstatr.o)
                0x000000000000da1e                _fstat_r
 .text._isatty_r
                0x000000000000da50       0x30 c:/mounriver/mounriver_studio/toolchain/risc-v embedded gcc/bin/../lib/gcc/riscv-none-embed/8.2.0/../../../../riscv-none-embed/lib/rv32imafcxw/ilp32f\libg_nano.a(lib_a-isattyr.o)
                0x000000000000da50                _isatty_r
 .text._lseek_r
                0x000000000000da80       0x34 c:/mounriver/mounriver_studio/toolchain/risc-v embedded gcc/bin/../lib/gcc/riscv-none-embed/8.2.0/../../../../riscv-none-embed/lib/rv32imafcxw/ilp32f\libg_nano.a(lib_a-lseekr.o)
                0x000000000000da80                _lseek_r
 .text.memchr   0x000000000000dab4       0x18 c:/mounriver/mounriver_studio/toolchain/risc-v embedded gcc/bin/../lib/gcc/riscv-none-embed/8.2.0/../../../../riscv-none-embed/lib/rv32imafcxw/ilp32f\libg_nano.a(lib_a-memchr.o)
                0x000000000000dab4                memchr
 .text.__malloc_lock
                0x000000000000dacc        0x2 c:/mounriver/mounriver_studio/toolchain/risc-v embedded gcc/bin/../lib/gcc/riscv-none-embed/8.2.0/../../../../riscv-none-embed/lib/rv32imafcxw/ilp32f\libg_nano.a(lib_a-mlock.o)
                0x000000000000dacc                __malloc_lock
 .text.__malloc_unlock
                0x000000000000dace        0x2 c:/mounriver/mounriver_studio/toolchain/risc-v embedded gcc/bin/../lib/gcc/riscv-none-embed/8.2.0/../../../../riscv-none-embed/lib/rv32imafcxw/ilp32f\libg_nano.a(lib_a-mlock.o)
                0x000000000000dace                __malloc_unlock
 .text._read_r  0x000000000000dad0       0x34 c:/mounriver/mounriver_studio/toolchain/risc-v embedded gcc/bin/../lib/gcc/riscv-none-embed/8.2.0/../../../../riscv-none-embed/lib/rv32imafcxw/ilp32f\libg_nano.a(lib_a-readr.o)
                0x000000000000dad0                _read_r
 .text._close   0x000000000000db04       0x10 c:/mounriver/mounriver_studio/toolchain/risc-v embedded gcc/bin/../lib/gcc/riscv-none-embed/8.2.0/../../../../riscv-none-embed/lib/rv32imafcxw/ilp32f\libnosys.a(close.o)
                0x000000000000db04                _close
 .text._fstat   0x000000000000db14       0x10 c:/mounriver/mounriver_studio/toolchain/risc-v embedded gcc/bin/../lib/gcc/riscv-none-embed/8.2.0/../../../../riscv-none-embed/lib/rv32imafcxw/ilp32f\libnosys.a(fstat.o)
                0x000000000000db14                _fstat
 .text._isatty  0x000000000000db24       0x10 c:/mounriver/mounriver_studio/toolchain/risc-v embedded gcc/bin/../lib/gcc/riscv-none-embed/8.2.0/../../../../riscv-none-embed/lib/rv32imafcxw/ilp32f\libnosys.a(isatty.o)
                0x000000000000db24                _isatty
 .text._lseek   0x000000000000db34       0x10 c:/mounriver/mounriver_studio/toolchain/risc-v embedded gcc/bin/../lib/gcc/riscv-none-embed/8.2.0/../../../../riscv-none-embed/lib/rv32imafcxw/ilp32f\libnosys.a(lseek.o)
                0x000000000000db34                _lseek
 .text._read    0x000000000000db44       0x10 c:/mounriver/mounriver_studio/toolchain/risc-v embedded gcc/bin/../lib/gcc/riscv-none-embed/8.2.0/../../../../riscv-none-embed/lib/rv32imafcxw/ilp32f\libnosys.a(read.o)
                0x000000000000db44                _read
 *(.rodata)
 *fill*         0x000000000000db54        0x0 
 .rodata        0x000000000000db54        0x6 ./tinyusb/lib/networking/dhserver.o
 *(.rodata*)
 *fill*         0x000000000000db5a        0x2 
 .rodata.__func__.6731
                0x000000000000db5c        0xe ./tinyusb/src/portable/wch/ch32v307/dcd_usbhs.o
 *fill*         0x000000000000db6a        0x2 
 .rodata.dcd_edpt_open.str1.4
                0x000000000000db6c       0x17 ./tinyusb/src/portable/wch/ch32v307/dcd_usbhs.o
 *fill*         0x000000000000db83        0x1 
 .rodata.tud_task_ext
                0x000000000000db84       0x84 ./tinyusb/src/device/usbd.o
 .rodata.__func__.7670
                0x000000000000dc08        0x9 ./tinyusb/src/device/usbd.o
 *fill*         0x000000000000dc11        0x3 
 .rodata.__func__.7681
                0x000000000000dc14       0x14 ./tinyusb/src/device/usbd.o
 .rodata.__func__.7705
                0x000000000000dc28        0xd ./tinyusb/src/device/usbd.o
 *fill*         0x000000000000dc35        0x3 
 .rodata.__func__.7721
                0x000000000000dc38       0x18 ./tinyusb/src/device/usbd.o
 .rodata.__func__.7764
                0x000000000000dc50       0x13 ./tinyusb/src/device/usbd.o
 *fill*         0x000000000000dc63        0x1 
 .rodata.__func__.7796
                0x000000000000dc64       0x17 ./tinyusb/src/device/usbd.o
 *fill*         0x000000000000dc7b        0x1 
 .rodata.__func__.7836
                0x000000000000dc7c       0x14 ./tinyusb/src/device/usbd.o
 .rodata.__func__.7850
                0x000000000000dc90        0xf ./tinyusb/src/device/usbd.o
 *fill*         0x000000000000dc9f        0x1 
 .rodata.__func__.7873
                0x000000000000dca0        0xf ./tinyusb/src/device/usbd.o
 *fill*         0x000000000000dcaf        0x1 
 .rodata._usbd_driver
                0x000000000000dcb0       0x1c ./tinyusb/src/device/usbd.o
 .rodata._usbd_event_str
                0x000000000000dccc       0x24 ./tinyusb/src/device/usbd.o
 .rodata.configuration_reset.str1.4
                0x000000000000dcf0       0x17 ./tinyusb/src/device/usbd.o
 .rodata.invoke_class_control.str1.4
                0x000000000000dcf0       0x17 ./tinyusb/src/device/usbd.o
 *fill*         0x000000000000dd07        0x1 
 .rodata.str1.4
                0x000000000000dd08       0x64 ./tinyusb/src/device/usbd.o
 .rodata.tud_init.str1.4
                0x000000000000dd6c       0x8a ./tinyusb/src/device/usbd.o
 *fill*         0x000000000000ddf6        0x2 
 .rodata.tud_task_ext.str1.4
                0x000000000000ddf8      0x18a ./tinyusb/src/device/usbd.o
                                        0x18e (size before relaxing)
 *fill*         0x000000000000df82        0x2 
 .rodata.usbd_driver_print_control_complete_name.str1.4
                0x000000000000df84       0x18 ./tinyusb/src/device/usbd.o
 .rodata.usbd_edpt_clear_stall.str1.4
                0x000000000000df9c       0x1a ./tinyusb/src/device/usbd.o
 *fill*         0x000000000000dfb6        0x2 
 .rodata.usbd_edpt_stall.str1.4
                0x000000000000dfb8       0x14 ./tinyusb/src/device/usbd.o
 .rodata.usbd_edpt_xfer.str1.4
                0x000000000000dfcc       0x2c ./tinyusb/src/device/usbd.o
 .rodata.__func__.7525
                0x000000000000dff8       0x11 ./tinyusb/src/device/usbd_control.o
 *fill*         0x000000000000e009        0x3 
 .rodata.__func__.7552
                0x000000000000e00c       0x15 ./tinyusb/src/device/usbd_control.o
 .rodata.tud_control_xfer.str1.4
                0x000000000000e021       0x17 ./tinyusb/src/device/usbd_control.o
 *fill*         0x000000000000e021        0x3 
 .rodata.__func__.7252
                0x000000000000e024        0xa ./tinyusb/src/class/net/ecm_rndis_device.o
 *fill*         0x000000000000e02e        0x2 
 .rodata.__func__.7276
                0x000000000000e030       0x15 ./tinyusb/src/class/net/ecm_rndis_device.o
 .rodata.netd_open.str1.4
                0x000000000000e045       0x17 ./tinyusb/src/class/net/ecm_rndis_device.o
 *fill*         0x000000000000e045        0x3 
 .rodata.__func__.7515
                0x000000000000e048       0x11 ./tinyusb/src/tusb.o
 *fill*         0x000000000000e059        0x3 
 .rodata.dump_str_line.str1.4
                0x000000000000e05c        0x7 ./tinyusb/src/tusb.o
 *fill*         0x000000000000e063        0x1 
 .rodata.str1.4
                0x000000000000e064       0xc5 ./tinyusb/src/tusb.o
 *fill*         0x000000000000e129        0x3 
 .rodata.tu_edpt_bind_driver.str1.4
                0x000000000000e12c       0x21 ./tinyusb/src/tusb.o
 *fill*         0x000000000000e14d        0x3 
 .rodata.tu_edpt_validate.str1.4
                0x000000000000e150       0x20 ./tinyusb/src/tusb.o
                                         0x37 (size before relaxing)
 .rodata.tu_print_mem.str1.4
                0x000000000000e170        0xf ./tinyusb/src/tusb.o
 *fill*         0x000000000000e17f        0x1 
 .rodata.tu_str_speed
                0x000000000000e180        0xc ./tinyusb/src/tusb.o
                0x000000000000e180                tu_str_speed
 .rodata.tu_str_std_request
                0x000000000000e18c       0x34 ./tinyusb/src/tusb.o
                0x000000000000e18c                tu_str_std_request
 .rodata.rndis_class_set_handler
                0x000000000000e1c0       0x1c ./tinyusb/lib/networking/rndis_reports.o
 .rodata.OIDSupportedList
                0x000000000000e1dc       0x58 ./tinyusb/lib/networking/rndis_reports.o
 .rodata.rndis_class_set_handler.str1.4
                0x000000000000e234        0x8 ./tinyusb/lib/networking/rndis_reports.o
 .rodata.ethernet_output.str1.4
                0x000000000000e23c       0x31 ./lwip/src/netif/ethernet.o
 *fill*         0x000000000000e26d        0x3 
 .rodata.dhcp_bind.str1.4
                0x000000000000e270       0x34 ./lwip/src/core/ipv4/dhcp.o
 .rodata.dhcp_create_msg.str1.4
                0x000000000000e2a4       0x80 ./lwip/src/core/ipv4/dhcp.o
 .rodata.dhcp_dec_pcb_refcount.str1.4
                0x000000000000e324       0x24 ./lwip/src/core/ipv4/dhcp.o
 .rodata.dhcp_inc_pcb_refcount.str1.4
                0x000000000000e348       0x25 ./lwip/src/core/ipv4/dhcp.o
 *fill*         0x000000000000e36d        0x3 
 .rodata.dhcp_option.str1.4
                0x000000000000e370       0x42 ./lwip/src/core/ipv4/dhcp.o
 *fill*         0x000000000000e3b2        0x2 
 .rodata.dhcp_option_byte.str1.4
                0x000000000000e3b4       0x35 ./lwip/src/core/ipv4/dhcp.o
 *fill*         0x000000000000e3e9        0x3 
 .rodata.dhcp_option_hostname.isra.1.str1.4
                0x000000000000e3ec       0x1c ./lwip/src/core/ipv4/dhcp.o
 .rodata.dhcp_option_long.str1.4
                0x000000000000e408       0x3a ./lwip/src/core/ipv4/dhcp.o
 *fill*         0x000000000000e442        0x2 
 .rodata.dhcp_option_short.str1.4
                0x000000000000e444       0x3b ./lwip/src/core/ipv4/dhcp.o
 *fill*         0x000000000000e47f        0x1 
 .rodata.dhcp_recv.str1.4
                0x000000000000e480       0x11 ./lwip/src/core/ipv4/dhcp.o
 *fill*         0x000000000000e491        0x3 
 .rodata.dhcp_select.str1.4
                0x000000000000e494       0x36 ./lwip/src/core/ipv4/dhcp.o
 *fill*         0x000000000000e4ca        0x2 
 .rodata.dhcp_set_struct.str1.4
                0x000000000000e4cc       0x44 ./lwip/src/core/ipv4/dhcp.o
 .rodata.dhcp_start.str1.4
                0x000000000000e510       0x21 ./lwip/src/core/ipv4/dhcp.o
 *fill*         0x000000000000e531        0x3 
 .rodata.etharp_find_entry.str1.4
                0x000000000000e534       0x41 ./lwip/src/core/ipv4/etharp.o
 *fill*         0x000000000000e575        0x3 
 .rodata.etharp_get_entry.str1.4
                0x000000000000e578       0x20 ./lwip/src/core/ipv4/etharp.o
 .rodata.etharp_input.str1.4
                0x000000000000e598       0x24 ./lwip/src/core/ipv4/etharp.o
 .rodata.etharp_output.str1.4
                0x000000000000e5bc        0xa ./lwip/src/core/ipv4/etharp.o
 *fill*         0x000000000000e5c6        0x2 
 .rodata.etharp_output_to_arp_index.str1.4
                0x000000000000e5c8       0x30 ./lwip/src/core/ipv4/etharp.o
 .rodata.etharp_query.str1.4
                0x000000000000e5f8       0x2a ./lwip/src/core/ipv4/etharp.o
 *fill*         0x000000000000e622        0x2 
 .rodata.etharp_raw.str1.4
                0x000000000000e624       0x75 ./lwip/src/core/ipv4/etharp.o
                                         0x85 (size before relaxing)
 *fill*         0x000000000000e699        0x3 
 .rodata.icmp_input.str1.4
                0x000000000000e69c       0x65 ./lwip/src/core/ipv4/icmp.o
 *fill*         0x000000000000e701        0x3 
 .rodata.icmp_send_response.str1.4
                0x000000000000e704       0x2c ./lwip/src/core/ipv4/icmp.o
 .rodata.ip4_output_if_src.str1.4
                0x000000000000e730       0x39 ./lwip/src/core/ipv4/ip4.o
 *fill*         0x000000000000e769        0x3 
 .rodata.ip4_frag.str1.4
                0x000000000000e76c       0x4b ./lwip/src/core/ipv4/ip4_frag.o
 *fill*         0x000000000000e7b7        0x1 
 .rodata.ip4_reass.str1.4
                0x000000000000e7b8       0xc8 ./lwip/src/core/ipv4/ip4_frag.o
 .rodata.ip_reass_dequeue_datagram.str1.4
                0x000000000000e880       0x19 ./lwip/src/core/ipv4/ip4_frag.o